Archive member included to satisfy reference by file (symbol)

app/libapp.a(main.c.obj)      (--whole-archive)
zephyr/libzephyr.a(cbprintf_packaged.c.obj)
                              (--whole-archive)
zephyr/libzephyr.a(dec.c.obj)
                              (--whole-archive)
zephyr/libzephyr.a(fdtable.c.obj)
                              (--whole-archive)
zephyr/libzephyr.a(hex.c.obj)
                              (--whole-archive)
zephyr/libzephyr.a(printk.c.obj)
                              (--whole-archive)
zephyr/libzephyr.a(rb.c.obj)  (--whole-archive)
zephyr/libzephyr.a(sem.c.obj)
                              (--whole-archive)
zephyr/libzephyr.a(thread_entry.c.obj)
                              (--whole-archive)
zephyr/libzephyr.a(timeutil.c.obj)
                              (--whole-archive)
zephyr/libzephyr.a(heap.c.obj)
                              (--whole-archive)
zephyr/libzephyr.a(heap-validate.c.obj)
                              (--whole-archive)
zephyr/libzephyr.a(bitarray.c.obj)
                              (--whole-archive)
zephyr/libzephyr.a(multi_heap.c.obj)
                              (--whole-archive)
zephyr/libzephyr.a(onoff.c.obj)
                              (--whole-archive)
zephyr/libzephyr.a(notify.c.obj)
                              (--whole-archive)
zephyr/libzephyr.a(cbprintf_complete.c.obj)
                              (--whole-archive)
zephyr/libzephyr.a(assert.c.obj)
                              (--whole-archive)
zephyr/libzephyr.a(reboot.c.obj)
                              (--whole-archive)
zephyr/libzephyr.a(configs.c.obj)
                              (--whole-archive)
zephyr/libzephyr.a(soc_nrf_common.S.obj)
                              (--whole-archive)
zephyr/libzephyr.a(validate_base_addresses.c.obj)
                              (--whole-archive)
zephyr/libzephyr.a(validate_enabled_instances.c.obj)
                              (--whole-archive)
zephyr/libzephyr.a(tracing_none.c.obj)
                              (--whole-archive)
zephyr/arch/common/libarch__common.a(sw_isr_common.c.obj)
                              (--whole-archive)
zephyr/arch/arch/arm/core/aarch32/libarch__arm__core__aarch32.a(cpu_idle.S.obj)
                              (--whole-archive)
zephyr/arch/arch/arm/core/aarch32/libarch__arm__core__aarch32.a(fatal.c.obj)
                              (--whole-archive)
zephyr/arch/arch/arm/core/aarch32/libarch__arm__core__aarch32.a(irq_manage.c.obj)
                              (--whole-archive)
zephyr/arch/arch/arm/core/aarch32/libarch__arm__core__aarch32.a(nmi.c.obj)
                              (--whole-archive)
zephyr/arch/arch/arm/core/aarch32/libarch__arm__core__aarch32.a(nmi_on_reset.S.obj)
                              (--whole-archive)
zephyr/arch/arch/arm/core/aarch32/libarch__arm__core__aarch32.a(prep_c.c.obj)
                              (--whole-archive)
zephyr/arch/arch/arm/core/aarch32/libarch__arm__core__aarch32.a(swap.c.obj)
                              (--whole-archive)
zephyr/arch/arch/arm/core/aarch32/libarch__arm__core__aarch32.a(swap_helper.S.obj)
                              (--whole-archive)
zephyr/arch/arch/arm/core/aarch32/libarch__arm__core__aarch32.a(thread.c.obj)
                              (--whole-archive)
zephyr/arch/arch/arm/core/aarch32/libarch__arm__core__aarch32.a(isr_wrapper.S.obj)
                              (--whole-archive)
zephyr/arch/arch/arm/core/aarch32/libarch__arm__core__aarch32.a(tls.c.obj)
                              (--whole-archive)
zephyr/arch/arch/arm/core/aarch32/cortex_m/libarch__arm__core__aarch32__cortex_m.a(exc_exit.S.obj)
                              (--whole-archive)
zephyr/arch/arch/arm/core/aarch32/cortex_m/libarch__arm__core__aarch32__cortex_m.a(fault.c.obj)
                              (--whole-archive)
zephyr/arch/arch/arm/core/aarch32/cortex_m/libarch__arm__core__aarch32__cortex_m.a(fault_s.S.obj)
                              (--whole-archive)
zephyr/arch/arch/arm/core/aarch32/cortex_m/libarch__arm__core__aarch32__cortex_m.a(fpu.c.obj)
                              (--whole-archive)
zephyr/arch/arch/arm/core/aarch32/cortex_m/libarch__arm__core__aarch32__cortex_m.a(irq_init.c.obj)
                              (--whole-archive)
zephyr/arch/arch/arm/core/aarch32/cortex_m/libarch__arm__core__aarch32__cortex_m.a(reset.S.obj)
                              (--whole-archive)
zephyr/arch/arch/arm/core/aarch32/cortex_m/libarch__arm__core__aarch32__cortex_m.a(scb.c.obj)
                              (--whole-archive)
zephyr/arch/arch/arm/core/aarch32/cortex_m/libarch__arm__core__aarch32__cortex_m.a(thread_abort.c.obj)
                              (--whole-archive)
zephyr/arch/arch/arm/core/aarch32/cortex_m/libarch__arm__core__aarch32__cortex_m.a(vector_table.S.obj)
                              (--whole-archive)
zephyr/arch/arch/arm/core/aarch32/cortex_m/libarch__arm__core__aarch32__cortex_m.a(__aeabi_read_tp.S.obj)
                              (--whole-archive)
[...]
Memory Configuration

Name             Origin             Length             Attributes
FLASH            0x0000000000000000 0x0000000000080000 xr
RAM              0x0000000020000000 0x0000000000010000 xw
IDT_LIST         0x00000000fffff7ff 0x0000000000000800 xw
*default*        0x0000000000000000 0xffffffffffffffff

Linker script and memory map

                0x000000000000467c                vfprintf = __i_vfprintf
                0x0000000000000000                vfscanf = __i_vfscanf
LOAD zephyr/CMakeFiles/zephyr_final.dir/misc/empty_file.c.obj
LOAD zephyr/CMakeFiles/zephyr_final.dir/isr_tables.c.obj
LOAD app/libapp.a
LOAD zephyr/libzephyr.a
LOAD zephyr/arch/common/libarch__common.a
LOAD zephyr/arch/arch/arm/core/aarch32/libarch__arm__core__aarch32.a
LOAD zephyr/arch/arch/arm/core/aarch32/cortex_m/libarch__arm__core__aarch32__cortex_m.a
LOAD zephyr/arch/arch/arm/core/aarch32/mpu/libarch__arm__core__aarch32__mpu.a
LOAD zephyr/lib/libc/picolibc/liblib__libc__picolibc.a
LOAD zephyr/lib/libc/common/liblib__libc__common.a
LOAD zephyr/soc/soc/arm/common/cortex_m/libsoc__arm__common__cortex_m.a
LOAD zephyr/soc/soc/arm/nordic_nrf/nrf52/libsoc__arm__nordic_nrf__nrf52.a
LOAD zephyr/drivers/clock_control/libdrivers__clock_control.a
LOAD zephyr/drivers/console/libdrivers__console.a
LOAD zephyr/drivers/gpio/libdrivers__gpio.a
LOAD zephyr/drivers/i2c/libdrivers__i2c.a
LOAD zephyr/drivers/pinctrl/libdrivers__pinctrl.a
LOAD zephyr/drivers/sensor/nrf5/libdrivers__sensor__nrf5.a
LOAD zephyr/drivers/sensor/vcnl4040/libdrivers__sensor__vcnl4040.a
LOAD zephyr/drivers/serial/libdrivers__serial.a
LOAD zephyr/drivers/timer/libdrivers__timer.a
LOAD modules/nrf/lib/fatal_error/lib..__nrf__lib__fatal_error.a
LOAD modules/hal_nordic/nrfx/libmodules__hal_nordic__nrfx.a
LOAD modules/segger/libmodules__segger.a
LOAD zephyr/kernel/libkernel.a
LOAD zephyr/CMakeFiles/offsets.dir/./arch/arm/core/offsets/offsets.c.obj
LOAD c:/ncs/toolchains/c57af46cb7/opt/zephyr-sdk/arm-zephyr-eabi/bin/../lib/gcc/arm-zephyr-eabi/12.2.0/thumb/v7e-m/nofp\libgcc.a
LOAD zephyr/arch/common/libisr_tables.a
LOAD c:\ncs\toolchains\c57af46cb7\opt\zephyr-sdk\arm-zephyr-eabi\bin\../lib/gcc/../../picolibc/arm-zephyr-eabi/lib/thumb/v7e-m/nofp\libc.a
LOAD c:/ncs/toolchains/c57af46cb7/opt/zephyr-sdk/arm-zephyr-eabi/bin/../lib/gcc/arm-zephyr-eabi/12.2.0/thumb/v7e-m/nofp\libgcc.a
                0x0000000000000020                _region_min_align = 0x20

.rel.plt        0x0000000000000000        0x0
 *(SORT_BY_ALIGNMENT(.rel.plt))
                [!provide]                        PROVIDE (__rel_iplt_start = .)
 *(SORT_BY_ALIGNMENT(.rel.iplt))
 .rel.iplt      0x0000000000000000        0x0 zephyr/CMakeFiles/zephyr_final.dir/isr_tables.c.obj
                [!provide]                        PROVIDE (__rel_iplt_end = .)

.rela.plt       0x0000000000000000        0x0
 *(SORT_BY_ALIGNMENT(.rela.plt))
                [!provide]                        PROVIDE (__rela_iplt_start = .)
 *(SORT_BY_ALIGNMENT(.rela.iplt))
                [!provide]                        PROVIDE (__rela_iplt_end = .)

.rel.dyn
 *(SORT_BY_ALIGNMENT(.rel.*))

.rela.dyn
 *(SORT_BY_ALIGNMENT(.rela.*))

/DISCARD/
 *(SORT_BY_ALIGNMENT(.plt))

/DISCARD/
 *(SORT_BY_ALIGNMENT(.iplt))
                0x0000000000000000                __rom_region_start = 0x0

rom_start       0x0000000000000000       0xdc
                0x0000000000000000                __rom_start_address = .
                0x0000000000000000                . = (. + (0x0 - (. - __rom_start_address)))
                0x0000000000000000                . = ALIGN (0x4)
                0x0000000000000000                . = ALIGN (0x80)
                0x0000000000000000                . = ALIGN (0x100)
                0x0000000000000000                _vector_start = .
 *(SORT_BY_ALIGNMENT(.exc_vector_table))
 *(SORT_BY_ALIGNMENT(.exc_vector_table.*))
 .exc_vector_table._vector_table_section
                0x0000000000000000       0x40 zephyr/arch/arch/arm/core/aarch32/cortex_m/libarch__arm__core__aarch32__cortex_m.a(vector_table.S.obj)
                0x0000000000000000                _vector_table
 *(SORT_BY_ALIGNMENT(.vectors))
                0x00000000000000dc                _vector_end = .
                0x0000000000000040                . = ALIGN (0x4)
 *(SORT_BY_ALIGNMENT(.gnu.linkonce.irq_vector_table*))
 .gnu.linkonce.irq_vector_table
                0x0000000000000040       0x9c zephyr/CMakeFiles/zephyr_final.dir/isr_tables.c.obj
                0x0000000000000040                _irq_vector_table
                0x00000000000000dc                _vector_end = .

text            0x00000000000000dc     0x5684
                0x00000000000000dc                __text_region_start = .
 *(SORT_BY_ALIGNMENT(.text))
 .text          0x00000000000000dc      0x168 c:/ncs/toolchains/c57af46cb7/opt/zephyr-sdk/arm-zephyr-eabi/bin/../lib/gcc/arm-zephyr-eabi/12.2.0/thumb/v7e-m/nofp\libgcc.a(_arm_mulsf3.o)
                0x00000000000000dc                __aeabi_fmul
                0x00000000000000dc                __mulsf3
 .text          0x0000000000000244      0x21c c:/ncs/toolchains/c57af46cb7/opt/zephyr-sdk/arm-zephyr-eabi/bin/../lib/gcc/arm-zephyr-eabi/12.2.0/thumb/v7e-m/nofp\libgcc.a(_arm_addsubsf3.o)
                0x0000000000000244                __aeabi_frsub
                0x000000000000024c                __subsf3
                0x000000000000024c                __aeabi_fsub
                0x0000000000000250                __aeabi_fadd
                0x0000000000000250                __addsf3
                0x00000000000003b0                __aeabi_ui2f
                0x00000000000003b0                __floatunsisf
                0x00000000000003b8                __aeabi_i2f
                0x00000000000003b8                __floatsisf
                0x00000000000003d4                __aeabi_ul2f
                0x00000000000003d4                __floatundisf
                0x00000000000003e4                __aeabi_l2f
                0x00000000000003e4                __floatdisf
 .text          0x0000000000000460       0x4c c:/ncs/toolchains/c57af46cb7/opt/zephyr-sdk/arm-zephyr-eabi/bin/../lib/gcc/arm-zephyr-eabi/12.2.0/thumb/v7e-m/nofp\libgcc.a(_arm_fixsfsi.o)
                0x0000000000000460                __aeabi_f2iz
                0x0000000000000460                __fixsfsi
 .text          0x00000000000004ac       0x30 c:/ncs/toolchains/c57af46cb7/opt/zephyr-sdk/arm-zephyr-eabi/bin/../lib/gcc/arm-zephyr-eabi/12.2.0/thumb/v7e-m/nofp\libgcc.a(_aeabi_uldivmod.o)
                0x00000000000004ac                __aeabi_uldivmod
 .text          0x00000000000004dc        0x4 c:/ncs/toolchains/c57af46cb7/opt/zephyr-sdk/arm-zephyr-eabi/bin/../lib/gcc/arm-zephyr-eabi/12.2.0/thumb/v7e-m/nofp\libgcc.a(_dvmd_tls.o)
                0x00000000000004dc                __aeabi_idiv0
                0x00000000000004dc                __aeabi_ldiv0
 .text          0x00000000000004e0      0x2a0 c:/ncs/toolchains/c57af46cb7/opt/zephyr-sdk/arm-zephyr-eabi/bin/../lib/gcc/arm-zephyr-eabi/12.2.0/thumb/v7e-m/nofp\libgcc.a(_udivmoddi4.o)
                0x00000000000004e0                __udivmoddi4
 *(SORT_BY_ALIGNMENT(.text.*))
 .text.main     0x0000000000000780       0x7c app/libapp.a(main.c.obj)
                0x0000000000000780                main
 .text.char_out
                0x00000000000007fc        0xc zephyr/libzephyr.a(printk.c.obj)
 .text.__printk_hook_install
                0x0000000000000808        0xc zephyr/libzephyr.a(printk.c.obj)
                0x0000000000000808                __printk_hook_install
 .text.vprintk  0x0000000000000814       0x30 zephyr/libzephyr.a(printk.c.obj)
                0x0000000000000814                vprintk
 .text.z_thread_entry
                0x0000000000000844       0x34 zephyr/libzephyr.a(thread_entry.c.obj)
                0x0000000000000844                z_thread_entry
 .text.process_event
                0x0000000000000878      0x21c zephyr/libzephyr.a(onoff.c.obj)
 .text.z_arm_platform_init
                0x0000000000000a94        0x4 zephyr/libzephyr.a(soc_nrf_common.S.obj)
                0x0000000000000a94                z_arm_platform_init
 .text.z_arm_cpu_idle_init
                0x0000000000000a98        0xc zephyr/arch/arch/arm/core/aarch32/libarch__arm__core__aarch32.a(cpu_idle.S.obj)
                0x0000000000000a98                z_arm_cpu_idle_init
 .text.arch_cpu_idle
                0x0000000000000aa4       0x1c zephyr/arch/arch/arm/core/aarch32/libarch__arm__core__aarch32.a(cpu_idle.S.obj)
                0x0000000000000aa4                arch_cpu_idle
 .text.arch_cpu_atomic_idle
                0x0000000000000ac0       0x18 zephyr/arch/arch/arm/core/aarch32/libarch__arm__core__aarch32.a(cpu_idle.S.obj)
                0x0000000000000ac0                arch_cpu_atomic_idle
 .text.arch_irq_enable
                0x0000000000000ad8       0x1c zephyr/arch/arch/arm/core/aarch32/libarch__arm__core__aarch32.a(irq_manage.c.obj)
                0x0000000000000ad8                arch_irq_enable
 .text.arch_irq_is_enabled
                0x0000000000000af4       0x1c zephyr/arch/arch/arm/core/aarch32/libarch__arm__core__aarch32.a(irq_manage.c.obj)
                0x0000000000000af4                arch_irq_is_enabled
 .text.z_arm_irq_priority_set
                0x0000000000000b10       0x30 zephyr/arch/arch/arm/core/aarch32/libarch__arm__core__aarch32.a(irq_manage.c.obj)
                0x0000000000000b10                z_arm_irq_priority_set
 .text.z_SysNmiOnReset
                0x0000000000000b40        0x8 zephyr/arch/arch/arm/core/aarch32/libarch__arm__core__aarch32.a(nmi_on_reset.S.obj)
                0x0000000000000b40                z_SysNmiOnReset
 .text.z_arm_prep_c
                0x0000000000000b48       0x38 zephyr/arch/arch/arm/core/aarch32/libarch__arm__core__aarch32.a(prep_c.c.obj)
                0x0000000000000b48                z_arm_prep_c
 .text.arch_swap
                0x0000000000000b80       0x34 zephyr/arch/arch/arm/core/aarch32/libarch__arm__core__aarch32.a(swap.c.obj)
                0x0000000000000b80                arch_swap
 .text.z_arm_pendsv
                0x0000000000000bb4       0x64 zephyr/arch/arch/arm/core/aarch32/libarch__arm__core__aarch32.a(swap_helper.S.obj)
                0x0000000000000bb4                z_arm_pendsv
 .text.z_arm_svc
                0x0000000000000c18       0x20 zephyr/arch/arch/arm/core/aarch32/libarch__arm__core__aarch32.a(swap_helper.S.obj)
                0x0000000000000c18                z_arm_svc
 .text.arch_new_thread
                0x0000000000000c38       0x38 zephyr/arch/arch/arm/core/aarch32/libarch__arm__core__aarch32.a(thread.c.obj)
                0x0000000000000c38                arch_new_thread
 .text.z_check_thread_stack_fail
                0x0000000000000c70       0x2c zephyr/arch/arch/arm/core/aarch32/libarch__arm__core__aarch32.a(thread.c.obj)
                0x0000000000000c70                z_check_thread_stack_fail
 .text.arch_switch_to_main_thread
                0x0000000000000c9c       0x38 zephyr/arch/arch/arm/core/aarch32/libarch__arm__core__aarch32.a(thread.c.obj)
                0x0000000000000c9c                arch_switch_to_main_thread
 .text._isr_wrapper
                0x0000000000000cd4       0x28 zephyr/arch/arch/arm/core/aarch32/libarch__arm__core__aarch32.a(isr_wrapper.S.obj)
                0x0000000000000cd4                _isr_wrapper
 .text.arch_tls_stack_setup
                0x0000000000000cfc       0x5c zephyr/arch/arch/arm/core/aarch32/libarch__arm__core__aarch32.a(tls.c.obj)
                0x0000000000000cfc                arch_tls_stack_setup
 .text._HandlerModeExit
                0x0000000000000d58       0x1c zephyr/arch/arch/arm/core/aarch32/cortex_m/libarch__arm__core__aarch32__cortex_m.a(exc_exit.S.obj)
                0x0000000000000d58                z_arm_int_exit
                0x0000000000000d58                z_arm_exc_exit
 .text.mem_manage_fault
                0x0000000000000d74       0xa0 zephyr/arch/arch/arm/core/aarch32/cortex_m/libarch__arm__core__aarch32__cortex_m.a(fault.c.obj)
 .text.usage_fault.constprop.0
                0x0000000000000e14       0x54 zephyr/arch/arch/arm/core/aarch32/cortex_m/libarch__arm__core__aarch32__cortex_m.a(fault.c.obj)
 .text.bus_fault.constprop.0
                0x0000000000000e68       0x6c zephyr/arch/arch/arm/core/aarch32/cortex_m/libarch__arm__core__aarch32__cortex_m.a(fault.c.obj)
 .text.z_arm_fault
                0x0000000000000ed4      0x128 zephyr/arch/arch/arm/core/aarch32/cortex_m/libarch__arm__core__aarch32__cortex_m.a(fault.c.obj)
                0x0000000000000ed4                z_arm_fault
 .text.z_arm_fault_init
                0x0000000000000ffc       0x10 zephyr/arch/arch/arm/core/aarch32/cortex_m/libarch__arm__core__aarch32__cortex_m.a(fault.c.obj)
                0x0000000000000ffc                z_arm_fault_init
 .text.__fault  0x000000000000100c       0x14 zephyr/arch/arch/arm/core/aarch32/cortex_m/libarch__arm__core__aarch32__cortex_m.a(fault_s.S.obj)
                0x000000000000100c                z_arm_usage_fault
                0x000000000000100c                z_arm_mpu_fault
                0x000000000000100c                z_arm_exc_spurious
                0x000000000000100c                z_arm_debug_monitor
                0x000000000000100c                z_arm_hard_fault
                0x000000000000100c                z_arm_bus_fault
 .text.z_arm_interrupt_init
                0x0000000000001020       0x18 zephyr/arch/arch/arm/core/aarch32/cortex_m/libarch__arm__core__aarch32__cortex_m.a(irq_init.c.obj)
                0x0000000000001020                z_arm_interrupt_init
 .text._reset_section
                0x0000000000001038       0x54 zephyr/arch/arch/arm/core/aarch32/cortex_m/libarch__arm__core__aarch32__cortex_m.a(reset.S.obj)
                0x0000000000001038                __start
                0x0000000000001038                z_arm_reset
 .text.sys_arch_reboot
                0x000000000000108c       0x24 zephyr/arch/arch/arm/core/aarch32/cortex_m/libarch__arm__core__aarch32__cortex_m.a(scb.c.obj)
                0x000000000000108c                sys_arch_reboot
 .text.z_arm_clear_arm_mpu_config
                0x00000000000010b0       0x24 zephyr/arch/arch/arm/core/aarch32/cortex_m/libarch__arm__core__aarch32__cortex_m.a(scb.c.obj)
                0x00000000000010b0                z_arm_clear_arm_mpu_config
 .text.z_arm_init_arch_hw_at_boot
                0x00000000000010d4       0x64 zephyr/arch/arch/arm/core/aarch32/cortex_m/libarch__arm__core__aarch32__cortex_m.a(scb.c.obj)
                0x00000000000010d4                z_arm_init_arch_hw_at_boot
 .text.z_impl_k_thread_abort
                0x0000000000001138       0x2c zephyr/arch/arch/arm/core/aarch32/cortex_m/libarch__arm__core__aarch32__cortex_m.a(thread_abort.c.obj)
                0x0000000000001138                z_impl_k_thread_abort
 .text.z_arm_configure_static_mpu_regions
                0x0000000000001164       0x18 zephyr/arch/arch/arm/core/aarch32/mpu/libarch__arm__core__aarch32__mpu.a(arm_core_mpu.c.obj)
                0x0000000000001164                z_arm_configure_static_mpu_regions
 .text.z_arm_configure_dynamic_mpu_regions
                0x000000000000117c       0x20 zephyr/arch/arch/arm/core/aarch32/mpu/libarch__arm__core__aarch32__mpu.a(arm_core_mpu.c.obj)
                0x000000000000117c                z_arm_configure_dynamic_mpu_regions
 .text.mpu_configure_regions
                0x000000000000119c       0x88 zephyr/arch/arch/arm/core/aarch32/mpu/libarch__arm__core__aarch32__mpu.a(arm_mpu.c.obj)
 .text.arm_core_mpu_enable
                0x0000000000001224       0x18 zephyr/arch/arch/arm/core/aarch32/mpu/libarch__arm__core__aarch32__mpu.a(arm_mpu.c.obj)
                0x0000000000001224                arm_core_mpu_enable
 .text.arm_core_mpu_disable
                0x000000000000123c       0x14 zephyr/arch/arch/arm/core/aarch32/mpu/libarch__arm__core__aarch32__mpu.a(arm_mpu.c.obj)
                0x000000000000123c                arm_core_mpu_disable
 .text.arm_core_mpu_configure_static_mpu_regions
                0x0000000000001250       0x14 zephyr/arch/arch/arm/core/aarch32/mpu/libarch__arm__core__aarch32__mpu.a(arm_mpu.c.obj)
                0x0000000000001250                arm_core_mpu_configure_static_mpu_regions
 .text.arm_core_mpu_configure_dynamic_mpu_regions
                0x0000000000001264       0x30 zephyr/arch/arch/arm/core/aarch32/mpu/libarch__arm__core__aarch32__mpu.a(arm_mpu.c.obj)
                0x0000000000001264                arm_core_mpu_configure_dynamic_mpu_regions
 .text.z_arm_mpu_init
                0x0000000000001294       0x60 zephyr/arch/arch/arm/core/aarch32/mpu/libarch__arm__core__aarch32__mpu.a(arm_mpu.c.obj)
                0x0000000000001294                z_arm_mpu_init
 .text.z_impl_zephyr_fputc
                0x00000000000012f4       0x10 zephyr/lib/libc/picolibc/liblib__libc__picolibc.a(libc-hooks.c.obj)
                0x00000000000012f4                z_impl_zephyr_fputc
 .text.__stdout_hook_install
                0x0000000000001304       0x18 zephyr/lib/libc/picolibc/liblib__libc__picolibc.a(libc-hooks.c.obj)
                0x0000000000001304                __stdout_hook_install
 .text.malloc_prepare
                0x000000000000131c       0x24 zephyr/lib/libc/common/liblib__libc__common.a(malloc.c.obj)
 .text.nordicsemi_nrf52_init
                0x0000000000001340       0x18 zephyr/soc/soc/arm/nordic_nrf/nrf52/libsoc__arm__nordic_nrf__nrf52.a(soc.c.obj)
 .text.arch_busy_wait
                0x0000000000001358       0x14 zephyr/soc/soc/arm/nordic_nrf/nrf52/libsoc__arm__nordic_nrf__nrf52.a(soc.c.obj)
                0x0000000000001358                arch_busy_wait
 .text.onoff_stop
                0x000000000000136c       0x30 zephyr/drivers/clock_control/libdrivers__clock_control.a(clock_control_nrf.c.obj)
 .text.onoff_start
                0x000000000000139c       0x44 zephyr/drivers/clock_control/libdrivers__clock_control.a(clock_control_nrf.c.obj)
 .text.generic_hfclk_stop
                0x00000000000013e0       0x34 zephyr/drivers/clock_control/libdrivers__clock_control.a(clock_control_nrf.c.obj)
 .text.clk_init
                0x0000000000001414       0x58 zephyr/drivers/clock_control/libdrivers__clock_control.a(clock_control_nrf.c.obj)
 .text.clkstarted_handle.constprop.0
                0x000000000000146c       0x34 zephyr/drivers/clock_control/libdrivers__clock_control.a(clock_control_nrf.c.obj)
 .text.clock_event_handler
                0x00000000000014a0       0x1c zephyr/drivers/clock_control/libdrivers__clock_control.a(clock_control_nrf.c.obj)
 .text.generic_hfclk_start
                0x00000000000014bc       0x64 zephyr/drivers/clock_control/libdrivers__clock_control.a(clock_control_nrf.c.obj)
 .text.api_blocking_start
                0x0000000000001520       0x34 zephyr/drivers/clock_control/libdrivers__clock_control.a(clock_control_nrf.c.obj)
 .text.lfclk_start
                0x0000000000001554       0x24 zephyr/drivers/clock_control/libdrivers__clock_control.a(clock_control_nrf.c.obj)
 .text.z_nrf_clock_control_get_onoff
                0x0000000000001578       0x10 zephyr/drivers/clock_control/libdrivers__clock_control.a(clock_control_nrf.c.obj)
                0x0000000000001578                z_nrf_clock_control_get_onoff
 .text.z_nrf_clock_control_lf_on
                0x0000000000001588       0xfc zephyr/drivers/clock_control/libdrivers__clock_control.a(clock_control_nrf.c.obj)
                0x0000000000001588                z_nrf_clock_control_lf_on
 .text.uart_console_init
                0x0000000000001684       0x28 zephyr/drivers/console/libdrivers__console.a(uart_console.c.obj)
 .text.console_out
                0x00000000000016ac       0x28 zephyr/drivers/console/libdrivers__console.a(uart_console.c.obj)
 .text.gpio_nrfx_pin_interrupt_configure
                0x00000000000016d4       0xd8 zephyr/drivers/gpio/libdrivers__gpio.a(gpio_nrfx.c.obj)
 .text.gpio_nrfx_init
                0x00000000000017ac       0x38 zephyr/drivers/gpio/libdrivers__gpio.a(gpio_nrfx.c.obj)
 .text.nrfx_gpio_handler
                0x00000000000017e4       0x3c zephyr/drivers/gpio/libdrivers__gpio.a(gpio_nrfx.c.obj)
 .text.gpio_nrfx_pin_configure
                0x0000000000001820      0x128 zephyr/drivers/gpio/libdrivers__gpio.a(gpio_nrfx.c.obj)
 .text.i2c_nrfx_twi_recover_bus
                0x0000000000001948       0x24 zephyr/drivers/i2c/libdrivers__i2c.a(i2c_nrfx_twi.c.obj)
 .text.twi_0_init
                0x000000000000196c       0x58 zephyr/drivers/i2c/libdrivers__i2c.a(i2c_nrfx_twi.c.obj)
 .text.event_handler
                0x00000000000019c4       0x34 zephyr/drivers/i2c/libdrivers__i2c.a(i2c_nrfx_twi.c.obj)
 .text.i2c_nrfx_twi_transfer
                0x00000000000019f8      0x100 zephyr/drivers/i2c/libdrivers__i2c.a(i2c_nrfx_twi.c.obj)
 .text.pinctrl_configure_pins
                0x0000000000001af8      0x150 zephyr/drivers/pinctrl/libdrivers__pinctrl.a(pinctrl_nrf.c.obj)
                0x0000000000001af8                pinctrl_configure_pins
 .text.hfclk_on_callback
                0x0000000000001c48        0xc zephyr/drivers/sensor/nrf5/libdrivers__sensor__nrf5.a(temp_nrf5.c.obj)
 .text.temp_nrf5_channel_get
                0x0000000000001c54       0x2c zephyr/drivers/sensor/nrf5/libdrivers__sensor__nrf5.a(temp_nrf5.c.obj)
 .text.temp_nrf5_isr
                0x0000000000001c80       0x18 zephyr/drivers/sensor/nrf5/libdrivers__sensor__nrf5.a(temp_nrf5.c.obj)
 .text.temp_nrf5_sample_fetch
                0x0000000000001c98       0x78 zephyr/drivers/sensor/nrf5/libdrivers__sensor__nrf5.a(temp_nrf5.c.obj)
 .text.temp_nrf5_init
                0x0000000000001d10       0x40 zephyr/drivers/sensor/nrf5/libdrivers__sensor__nrf5.a(temp_nrf5.c.obj)
 .text.vcnl4040_init
                0x0000000000001d50       0xd0 zephyr/drivers/sensor/vcnl4040/libdrivers__sensor__vcnl4040.a(vcnl4040.c.obj)
 .text.uarte_nrfx_configure
                0x0000000000001e20      0x15c zephyr/drivers/serial/libdrivers__serial.a(uart_nrfx_uarte.c.obj)
 .text.uarte_0_init
                0x0000000000001f7c       0xe8 zephyr/drivers/serial/libdrivers__serial.a(uart_nrfx_uarte.c.obj)
 .text.uarte_nrfx_poll_out
                0x0000000000002064       0xcc zephyr/drivers/serial/libdrivers__serial.a(uart_nrfx_uarte.c.obj)
 .text.compare_int_lock
                0x0000000000002130       0x48 zephyr/drivers/timer/libdrivers__timer.a(nrf_rtc_timer.c.obj)
 .text.sys_clock_timeout_handler
                0x0000000000002178       0x48 zephyr/drivers/timer/libdrivers__timer.a(nrf_rtc_timer.c.obj)
 .text.compare_int_unlock
                0x00000000000021c0       0x5c zephyr/drivers/timer/libdrivers__timer.a(nrf_rtc_timer.c.obj)
 .text.z_nrf_rtc_timer_read
                0x000000000000221c       0x44 zephyr/drivers/timer/libdrivers__timer.a(nrf_rtc_timer.c.obj)
                0x000000000000221c                z_nrf_rtc_timer_read
 .text.compare_set
                0x0000000000002260      0x130 zephyr/drivers/timer/libdrivers__timer.a(nrf_rtc_timer.c.obj)
 .text.sys_clock_driver_init
                0x0000000000002390       0x90 zephyr/drivers/timer/libdrivers__timer.a(nrf_rtc_timer.c.obj)
 .text.rtc_nrf_isr
                0x0000000000002420       0xd4 zephyr/drivers/timer/libdrivers__timer.a(nrf_rtc_timer.c.obj)
                0x0000000000002420                rtc_nrf_isr
 .text.sys_clock_set_timeout
                0x00000000000024f4       0x68 zephyr/drivers/timer/libdrivers__timer.a(nrf_rtc_timer.c.obj)
                0x00000000000024f4                sys_clock_set_timeout
 .text.sys_clock_elapsed
                0x000000000000255c       0x14 zephyr/drivers/timer/libdrivers__timer.a(nrf_rtc_timer.c.obj)
                0x000000000000255c                sys_clock_elapsed
 .text.nrf52_errata_16
                0x0000000000002570       0x28 modules/hal_nordic/nrfx/libmodules__hal_nordic__nrfx.a(system_nrf52.c.obj)
 .text.nvmc_wait
                0x0000000000002598       0x10 modules/hal_nordic/nrfx/libmodules__hal_nordic__nrfx.a(system_nrf52.c.obj)
                0x0000000000002598                nvmc_wait
 .text.SystemInit
                0x00000000000025a8      0x278 modules/hal_nordic/nrfx/libmodules__hal_nordic__nrfx.a(system_nrf52.c.obj)
                0x00000000000025a8                SystemInit
 .text.nrfx_flag32_alloc
                0x0000000000002820       0x48 modules/hal_nordic/nrfx/libmodules__hal_nordic__nrfx.a(nrfx_flag32_allocator.c.obj)
                0x0000000000002820                nrfx_flag32_alloc
 .text.nrfx_flag32_free
                0x0000000000002868       0x40 modules/hal_nordic/nrfx/libmodules__hal_nordic__nrfx.a(nrfx_flag32_allocator.c.obj)
                0x0000000000002868                nrfx_flag32_free
 .text.nrfx_gppi_channels_enable
                0x00000000000028a8        0xc modules/hal_nordic/nrfx/libmodules__hal_nordic__nrfx.a(nrfx_gppi_ppi.c.obj)
                0x00000000000028a8                nrfx_gppi_channels_enable
 .text.clock_stop
                0x00000000000028b4       0xc4 modules/hal_nordic/nrfx/libmodules__hal_nordic__nrfx.a(nrfx_clock.c.obj)
 .text.nrfx_clock_init
                0x0000000000002978       0x20 modules/hal_nordic/nrfx/libmodules__hal_nordic__nrfx.a(nrfx_clock.c.obj)
                0x0000000000002978                nrfx_clock_init
 .text.nrfx_clock_start
                0x0000000000002998       0xb0 modules/hal_nordic/nrfx/libmodules__hal_nordic__nrfx.a(nrfx_clock.c.obj)
                0x0000000000002998                nrfx_clock_start
 .text.nrfx_power_clock_irq_handler
                0x0000000000002a48       0x68 modules/hal_nordic/nrfx/libmodules__hal_nordic__nrfx.a(nrfx_clock.c.obj)
                0x0000000000002a48                nrfx_power_clock_irq_handler
 .text.pin_in_use_by_te
                0x0000000000002ab0       0x14 modules/hal_nordic/nrfx/libmodules__hal_nordic__nrfx.a(nrfx_gpiote.c.obj)
 .text.pin_is_output
                0x0000000000002ac4       0x14 modules/hal_nordic/nrfx/libmodules__hal_nordic__nrfx.a(nrfx_gpiote.c.obj)
 .text.pin_te_get
                0x0000000000002ad8       0x14 modules/hal_nordic/nrfx/libmodules__hal_nordic__nrfx.a(nrfx_gpiote.c.obj)
 .text.call_handler
                0x0000000000002aec       0x3c modules/hal_nordic/nrfx/libmodules__hal_nordic__nrfx.a(nrfx_gpiote.c.obj)
 .text.release_handler
                0x0000000000002b28       0x54 modules/hal_nordic/nrfx/libmodules__hal_nordic__nrfx.a(nrfx_gpiote.c.obj)
 .text.__nrfy_internal_gpiote_events_process.constprop.0
                0x0000000000002b7c       0x54 modules/hal_nordic/nrfx/libmodules__hal_nordic__nrfx.a(nrfx_gpiote.c.obj)
 .text.nrfx_gpiote_input_configure
                0x0000000000002bd0      0x160 modules/hal_nordic/nrfx/libmodules__hal_nordic__nrfx.a(nrfx_gpiote.c.obj)
                0x0000000000002bd0                nrfx_gpiote_input_configure
 .text.nrfx_gpiote_output_configure
                0x0000000000002d30       0xec modules/hal_nordic/nrfx/libmodules__hal_nordic__nrfx.a(nrfx_gpiote.c.obj)
                0x0000000000002d30                nrfx_gpiote_output_configure
 .text.nrfx_gpiote_global_callback_set
                0x0000000000002e1c        0xc modules/hal_nordic/nrfx/libmodules__hal_nordic__nrfx.a(nrfx_gpiote.c.obj)
                0x0000000000002e1c                nrfx_gpiote_global_callback_set
 .text.nrfx_gpiote_channel_get
                0x0000000000002e28       0x2c modules/hal_nordic/nrfx/libmodules__hal_nordic__nrfx.a(nrfx_gpiote.c.obj)
                0x0000000000002e28                nrfx_gpiote_channel_get
 .text.nrfx_gpiote_init
                0x0000000000002e54       0x50 modules/hal_nordic/nrfx/libmodules__hal_nordic__nrfx.a(nrfx_gpiote.c.obj)
                0x0000000000002e54                nrfx_gpiote_init
 .text.nrfx_gpiote_is_init
                0x0000000000002ea4       0x14 modules/hal_nordic/nrfx/libmodules__hal_nordic__nrfx.a(nrfx_gpiote.c.obj)
                0x0000000000002ea4                nrfx_gpiote_is_init
 .text.nrfx_gpiote_channel_free
                0x0000000000002eb8        0xc modules/hal_nordic/nrfx/libmodules__hal_nordic__nrfx.a(nrfx_gpiote.c.obj)
                0x0000000000002eb8                nrfx_gpiote_channel_free
 .text.nrfx_gpiote_channel_alloc
                0x0000000000002ec4        0xc modules/hal_nordic/nrfx/libmodules__hal_nordic__nrfx.a(nrfx_gpiote.c.obj)
                0x0000000000002ec4                nrfx_gpiote_channel_alloc
 .text.nrfx_gpiote_trigger_enable
                0x0000000000002ed0       0x98 modules/hal_nordic/nrfx/libmodules__hal_nordic__nrfx.a(nrfx_gpiote.c.obj)
                0x0000000000002ed0                nrfx_gpiote_trigger_enable
 .text.nrfx_gpiote_trigger_disable
                0x0000000000002f68       0x4c modules/hal_nordic/nrfx/libmodules__hal_nordic__nrfx.a(nrfx_gpiote.c.obj)
                0x0000000000002f68                nrfx_gpiote_trigger_disable
 .text.nrfx_gpiote_pin_uninit
                0x0000000000002fb4       0x78 modules/hal_nordic/nrfx/libmodules__hal_nordic__nrfx.a(nrfx_gpiote.c.obj)
                0x0000000000002fb4                nrfx_gpiote_pin_uninit
 .text.nrfx_gpiote_irq_handler
                0x000000000000302c      0x15c modules/hal_nordic/nrfx/libmodules__hal_nordic__nrfx.a(nrfx_gpiote.c.obj)
                0x000000000000302c                nrfx_gpiote_irq_handler
 .text.nrfx_ppi_channel_alloc
                0x0000000000003188        0xc modules/hal_nordic/nrfx/libmodules__hal_nordic__nrfx.a(nrfx_ppi.c.obj)
                0x0000000000003188                nrfx_ppi_channel_alloc
 .text.twi_configure
                0x0000000000003194       0x3c modules/hal_nordic/nrfx/libmodules__hal_nordic__nrfx.a(nrfx_twi.c.obj)
 .text.twi_tx_start_transfer
                0x00000000000031d0      0x104 modules/hal_nordic/nrfx/libmodules__hal_nordic__nrfx.a(nrfx_twi.c.obj)
 .text.twi_rx_start_transfer
                0x00000000000032d4       0xe4 modules/hal_nordic/nrfx/libmodules__hal_nordic__nrfx.a(nrfx_twi.c.obj)
 .text.nrfx_twi_init
                0x00000000000033b8       0xc0 modules/hal_nordic/nrfx/libmodules__hal_nordic__nrfx.a(nrfx_twi.c.obj)
                0x00000000000033b8                nrfx_twi_init
 .text.nrfx_twi_enable
                0x0000000000003478       0x20 modules/hal_nordic/nrfx/libmodules__hal_nordic__nrfx.a(nrfx_twi.c.obj)
                0x0000000000003478                nrfx_twi_enable
 .text.nrfx_twi_disable
                0x0000000000003498       0x38 modules/hal_nordic/nrfx/libmodules__hal_nordic__nrfx.a(nrfx_twi.c.obj)
                0x0000000000003498                nrfx_twi_disable
 .text.nrfx_twi_xfer
                0x00000000000034d0       0xdc modules/hal_nordic/nrfx/libmodules__hal_nordic__nrfx.a(nrfx_twi.c.obj)
                0x00000000000034d0                nrfx_twi_xfer
 .text.nrfx_twi_0_irq_handler
                0x00000000000035ac       0xd8 modules/hal_nordic/nrfx/libmodules__hal_nordic__nrfx.a(nrfx_twi.c.obj)
                0x00000000000035ac                nrfx_twi_0_irq_handler
 .text.nrfx_twi_twim_bus_recover
                0x0000000000003684       0xdc modules/hal_nordic/nrfx/libmodules__hal_nordic__nrfx.a(nrfx_twi_twim.c.obj)
                0x0000000000003684                nrfx_twi_twim_bus_recover
 .text._DoInit  0x0000000000003760       0x68 modules/segger/libmodules__segger.a(SEGGER_RTT.c.obj)
 .text.z_fatal_error
                0x00000000000037c8       0x38 zephyr/kernel/libkernel.a(fatal.c.obj)
                0x00000000000037c8                z_fatal_error
 .text.z_sys_init_run_level
                0x0000000000003800       0x48 zephyr/kernel/libkernel.a(init.c.obj)
 .text.bg_thread_main
                0x0000000000003848       0x34 zephyr/kernel/libkernel.a(init.c.obj)
 .text.z_bss_zero
                0x000000000000387c       0x18 zephyr/kernel/libkernel.a(init.c.obj)
                0x000000000000387c                z_bss_zero
 .text.z_init_cpu
                0x0000000000003894       0x8c zephyr/kernel/libkernel.a(init.c.obj)
                0x0000000000003894                z_init_cpu
 .text.z_cstart
                0x0000000000003920       0xdc zephyr/kernel/libkernel.a(init.c.obj)
                0x0000000000003920                z_cstart
 .text.z_setup_new_thread
                0x00000000000039fc       0x80 zephyr/kernel/libkernel.a(thread.c.obj)
                0x00000000000039fc                z_setup_new_thread
 .text.z_init_static_threads
                0x0000000000003a7c       0xb8 zephyr/kernel/libkernel.a(thread.c.obj)
                0x0000000000003a7c                z_init_static_threads
 .text.z_impl_k_mutex_lock
                0x0000000000003b34       0xf4 zephyr/kernel/libkernel.a(mutex.c.obj)
                0x0000000000003b34                z_impl_k_mutex_lock
 .text.z_impl_k_mutex_unlock
                0x0000000000003c28       0x78 zephyr/kernel/libkernel.a(mutex.c.obj)
                0x0000000000003c28                z_impl_k_mutex_unlock
 .text.z_impl_k_sem_give
                0x0000000000003ca0       0x48 zephyr/kernel/libkernel.a(sem.c.obj)
                0x0000000000003ca0                z_impl_k_sem_give
 .text.z_impl_k_sem_take
                0x0000000000003ce8       0x50 zephyr/kernel/libkernel.a(sem.c.obj)
                0x0000000000003ce8                z_impl_k_sem_take
 .text.sliceable
                0x0000000000003d38       0x3c zephyr/kernel/libkernel.a(sched.c.obj)
 .text.slice_timeout
                0x0000000000003d74       0x20 zephyr/kernel/libkernel.a(sched.c.obj)
 .text.z_reset_time_slice
                0x0000000000003d94       0x50 zephyr/kernel/libkernel.a(sched.c.obj)
                0x0000000000003d94                z_reset_time_slice
 .text.update_cache
                0x0000000000003de4       0x3c zephyr/kernel/libkernel.a(sched.c.obj)
 .text.move_thread_to_end_of_prio_q
                0x0000000000003e20       0x74 zephyr/kernel/libkernel.a(sched.c.obj)
 .text.ready_thread
                0x0000000000003e94       0x68 zephyr/kernel/libkernel.a(sched.c.obj)
 .text.unready_thread
                0x0000000000003efc       0x30 zephyr/kernel/libkernel.a(sched.c.obj)
 .text.pend_locked
                0x0000000000003f2c       0x30 zephyr/kernel/libkernel.a(sched.c.obj)
 .text.z_time_slice
                0x0000000000003f5c       0x60 zephyr/kernel/libkernel.a(sched.c.obj)
                0x0000000000003f5c                z_time_slice
 .text.z_pend_curr
                0x0000000000003fbc       0x3c zephyr/kernel/libkernel.a(sched.c.obj)
                0x0000000000003fbc                z_pend_curr
 .text.z_set_prio
                0x0000000000003ff8       0x8c zephyr/kernel/libkernel.a(sched.c.obj)
                0x0000000000003ff8                z_set_prio
 .text.z_reschedule
                0x0000000000004084       0x24 zephyr/kernel/libkernel.a(sched.c.obj)
                0x0000000000004084                z_reschedule
 .text.z_sched_start
                0x00000000000040a8       0x3c zephyr/kernel/libkernel.a(sched.c.obj)
                0x00000000000040a8                z_sched_start
 .text.z_impl_k_thread_suspend
                0x00000000000040e4       0x64 zephyr/kernel/libkernel.a(sched.c.obj)
                0x00000000000040e4                z_impl_k_thread_suspend
 .text.k_sched_lock
                0x0000000000004148       0x28 zephyr/kernel/libkernel.a(sched.c.obj)
                0x0000000000004148                k_sched_lock
 .text.k_sched_unlock
                0x0000000000004170       0x38 zephyr/kernel/libkernel.a(sched.c.obj)
                0x0000000000004170                k_sched_unlock
 .text.z_sched_init
                0x00000000000041a8       0x10 zephyr/kernel/libkernel.a(sched.c.obj)
                0x00000000000041a8                z_sched_init
 .text.z_impl_k_yield
                0x00000000000041b8       0x7c zephyr/kernel/libkernel.a(sched.c.obj)
                0x00000000000041b8                z_impl_k_yield
 .text.z_tick_sleep
                0x0000000000004234       0x88 zephyr/kernel/libkernel.a(sched.c.obj)
 .text.z_impl_k_sleep
                0x00000000000042bc       0x34 zephyr/kernel/libkernel.a(sched.c.obj)
                0x00000000000042bc                z_impl_k_sleep
 .text.z_impl_z_current_get
                0x00000000000042f0        0xc zephyr/kernel/libkernel.a(sched.c.obj)
                0x00000000000042f0                z_impl_z_current_get
 .text.z_thread_abort
                0x00000000000042fc       0xc0 zephyr/kernel/libkernel.a(sched.c.obj)
                0x00000000000042fc                z_thread_abort
 .text.z_data_copy
                0x00000000000043bc       0x34 zephyr/kernel/libkernel.a(xip.c.obj)
                0x00000000000043bc                z_data_copy
 .text.elapsed  0x00000000000043f0       0x14 zephyr/kernel/libkernel.a(timeout.c.obj)
 .text.next_timeout
                0x0000000000004404       0x40 zephyr/kernel/libkernel.a(timeout.c.obj)
 .text.remove_timeout
                0x0000000000004444       0x38 zephyr/kernel/libkernel.a(timeout.c.obj)
 .text.z_add_timeout
                0x000000000000447c       0xec zephyr/kernel/libkernel.a(timeout.c.obj)
                0x000000000000447c                z_add_timeout
 .text.sys_clock_announce
                0x0000000000004568       0xd4 zephyr/kernel/libkernel.a(timeout.c.obj)
                0x0000000000004568                sys_clock_announce
 .text.sys_clock_tick_get
                0x000000000000463c       0x34 zephyr/kernel/libkernel.a(timeout.c.obj)
                0x000000000000463c                sys_clock_tick_get
 .text.boot_banner
                0x0000000000004670        0xc zephyr/kernel/libkernel.a(banner.c.obj)
                0x0000000000004670                boot_banner
 .text.__i_vfprintf
                0x000000000000467c      0x490 c:\ncs\toolchains\c57af46cb7\opt\zephyr-sdk\arm-zephyr-eabi\bin\../lib/gcc/../../picolibc/arm-zephyr-eabi/lib/thumb/v7e-m/nofp\libc.a(libc_tinystdio_vfiprintf.c.o)
                0x000000000000467c                __i_vfprintf
 .text.arch_printk_char_out
                0x0000000000004b0c        0x4 zephyr/libzephyr.a(printk.c.obj)
                0x0000000000004b0c                arch_printk_char_out
 .text.printk   0x0000000000004b10       0x1a zephyr/libzephyr.a(printk.c.obj)
                0x0000000000004b10                printk
 .text.chunk_size
                0x0000000000004b2a        0xa zephyr/libzephyr.a(heap.c.obj)
 .text.free_list_add
                0x0000000000004b34       0x4e zephyr/libzephyr.a(heap.c.obj)
 .text.sys_heap_init
                0x0000000000004b82       0x7a zephyr/libzephyr.a(heap.c.obj)
                0x0000000000004b82                sys_heap_init
 .text.process_recheck
                0x0000000000004bfc       0x38 zephyr/libzephyr.a(onoff.c.obj)
 .text.validate_args
                0x0000000000004c34       0x20 zephyr/libzephyr.a(onoff.c.obj)
 .text.notify_one
                0x0000000000004c54       0x2c zephyr/libzephyr.a(onoff.c.obj)
 .text.transition_complete
                0x0000000000004c80       0x1c zephyr/libzephyr.a(onoff.c.obj)
 .text.onoff_manager_init
                0x0000000000004c9c       0x26 zephyr/libzephyr.a(onoff.c.obj)
                0x0000000000004c9c                onoff_manager_init
 .text.onoff_request
                0x0000000000004cc2       0xb0 zephyr/libzephyr.a(onoff.c.obj)
                0x0000000000004cc2                onoff_request
 .text.onoff_release
                0x0000000000004d72       0x4a zephyr/libzephyr.a(onoff.c.obj)
                0x0000000000004d72                onoff_release
 .text.sys_notify_validate
                0x0000000000004dbc       0x22 zephyr/libzephyr.a(notify.c.obj)
                0x0000000000004dbc                sys_notify_validate
 .text.sys_notify_finalize
                0x0000000000004dde       0x1a zephyr/libzephyr.a(notify.c.obj)
                0x0000000000004dde                sys_notify_finalize
 .text._ConfigAbsSyms
                0x0000000000004df8        0x2 zephyr/libzephyr.a(configs.c.obj)
                0x0000000000004df8                _ConfigAbsSyms
 .text.z_arm_fatal_error
                0x0000000000004dfa        0x4 zephyr/arch/arch/arm/core/aarch32/libarch__arm__core__aarch32.a(fatal.c.obj)
                0x0000000000004dfa                z_arm_fatal_error
 .text.z_do_kernel_oops
                0x0000000000004dfe        0x8 zephyr/arch/arch/arm/core/aarch32/libarch__arm__core__aarch32.a(fatal.c.obj)
                0x0000000000004dfe                z_do_kernel_oops
 .text.z_irq_spurious
                0x0000000000004e06        0x8 zephyr/arch/arch/arm/core/aarch32/libarch__arm__core__aarch32.a(irq_manage.c.obj)
                0x0000000000004e06                z_irq_spurious
 .text.z_arm_nmi
                0x0000000000004e0e        0xe zephyr/arch/arch/arm/core/aarch32/libarch__arm__core__aarch32.a(nmi.c.obj)
                0x0000000000004e0e                z_arm_nmi
 .text.picolibc_put
                0x0000000000004e1c        0xa zephyr/lib/libc/picolibc/liblib__libc__picolibc.a(libc-hooks.c.obj)
 .text.get_status
                0x0000000000004e26       0x12 zephyr/drivers/clock_control/libdrivers__clock_control.a(clock_control_nrf.c.obj)
 .text.set_on_state
                0x0000000000004e38       0x26 zephyr/drivers/clock_control/libdrivers__clock_control.a(clock_control_nrf.c.obj)
 .text.stop     0x0000000000004e5e       0x54 zephyr/drivers/clock_control/libdrivers__clock_control.a(clock_control_nrf.c.obj)
 .text.api_stop
                0x0000000000004eb2        0x6 zephyr/drivers/clock_control/libdrivers__clock_control.a(clock_control_nrf.c.obj)
 .text.async_start
                0x0000000000004eb8       0x5e zephyr/drivers/clock_control/libdrivers__clock_control.a(clock_control_nrf.c.obj)
 .text.api_start
                0x0000000000004f16        0xe zephyr/drivers/clock_control/libdrivers__clock_control.a(clock_control_nrf.c.obj)
 .text.onoff_started_callback
                0x0000000000004f24       0x12 zephyr/drivers/clock_control/libdrivers__clock_control.a(clock_control_nrf.c.obj)
 .text.lfclk_stop
                0x0000000000004f36        0x6 zephyr/drivers/clock_control/libdrivers__clock_control.a(clock_control_nrf.c.obj)
 .text.blocking_start_callback
                0x0000000000004f3c        0x6 zephyr/drivers/clock_control/libdrivers__clock_control.a(clock_control_nrf.c.obj)
 .text.gpio_nrfx_port_get_raw
                0x0000000000004f42        0xe zephyr/drivers/gpio/libdrivers__gpio.a(gpio_nrfx.c.obj)
 .text.gpio_nrfx_port_set_masked_raw
                0x0000000000004f50       0x18 zephyr/drivers/gpio/libdrivers__gpio.a(gpio_nrfx.c.obj)
 .text.gpio_nrfx_port_set_bits_raw
                0x0000000000004f68        0xc zephyr/drivers/gpio/libdrivers__gpio.a(gpio_nrfx.c.obj)
 .text.gpio_nrfx_port_clear_bits_raw
                0x0000000000004f74        0xc zephyr/drivers/gpio/libdrivers__gpio.a(gpio_nrfx.c.obj)
 .text.gpio_nrfx_port_toggle_bits
                0x0000000000004f80       0x1a zephyr/drivers/gpio/libdrivers__gpio.a(gpio_nrfx.c.obj)
 .text.gpio_nrfx_manage_callback
                0x0000000000004f9a       0x52 zephyr/drivers/gpio/libdrivers__gpio.a(gpio_nrfx.c.obj)
 .text.i2c_nrfx_twi_configure
                0x0000000000004fec       0x32 zephyr/drivers/i2c/libdrivers__i2c.a(i2c_nrfx_twi.c.obj)
 .text.pinctrl_lookup_state
                0x000000000000501e       0x26 zephyr/drivers/pinctrl/libdrivers__pinctrl.a(common.c.obj)
                0x000000000000501e                pinctrl_lookup_state
 .text.vcnl4040_channel_get
                0x0000000000005044       0x48 zephyr/drivers/sensor/vcnl4040/libdrivers__sensor__vcnl4040.a(vcnl4040.c.obj)
 .text.vcnl4040_read
                0x000000000000508c       0x46 zephyr/drivers/sensor/vcnl4040/libdrivers__sensor__vcnl4040.a(vcnl4040.c.obj)
                0x000000000000508c                vcnl4040_read
 .text.vcnl4040_sample_fetch
                0x00000000000050d2       0x56 zephyr/drivers/sensor/vcnl4040/libdrivers__sensor__vcnl4040.a(vcnl4040.c.obj)
 .text.vcnl4040_write
                0x0000000000005128       0x36 zephyr/drivers/sensor/vcnl4040/libdrivers__sensor__vcnl4040.a(vcnl4040.c.obj)
                0x0000000000005128                vcnl4040_write
 .text.uarte_nrfx_config_get
                0x000000000000515e       0x10 zephyr/drivers/serial/libdrivers__serial.a(uart_nrfx_uarte.c.obj)
 .text.uarte_nrfx_err_check
                0x000000000000516e        0xe zephyr/drivers/serial/libdrivers__serial.a(uart_nrfx_uarte.c.obj)
 .text.uarte_nrfx_poll_in
                0x000000000000517c       0x28 zephyr/drivers/serial/libdrivers__serial.a(uart_nrfx_uarte.c.obj)
 .text.is_tx_ready.isra.0
                0x00000000000051a4       0x20 zephyr/drivers/serial/libdrivers__serial.a(uart_nrfx_uarte.c.obj)
 .text.uarte_nrfx_isr_int
                0x00000000000051c4       0x72 zephyr/drivers/serial/libdrivers__serial.a(uart_nrfx_uarte.c.obj)
 .text.event_clear
                0x0000000000005236       0x18 zephyr/drivers/timer/libdrivers__timer.a(nrf_rtc_timer.c.obj)
 .text.k_sys_fatal_error_handler
                0x000000000000524e        0x8 modules/nrf/lib/fatal_error/lib..__nrf__lib__fatal_error.a(fatal_error.c.obj)
                0x000000000000524e                k_sys_fatal_error_handler
 .text.nrf52_errata_12
                0x0000000000005256       0x1c modules/hal_nordic/nrfx/libmodules__hal_nordic__nrfx.a(system_nrf52.c.obj)
 .text.nrfx_isr
                0x0000000000005272        0x2 modules/hal_nordic/nrfx/libmodules__hal_nordic__nrfx.a(nrfx_glue.c.obj)
                0x0000000000005272                nrfx_isr
 .text.nrfx_busy_wait
                0x0000000000005274        0x4 modules/hal_nordic/nrfx/libmodules__hal_nordic__nrfx.a(nrfx_glue.c.obj)
                0x0000000000005274                nrfx_busy_wait
 .text.nrfx_gppi_channel_endpoints_setup
                0x0000000000005278       0x14 modules/hal_nordic/nrfx/libmodules__hal_nordic__nrfx.a(nrfx_gppi_ppi.c.obj)
                0x0000000000005278                nrfx_gppi_channel_endpoints_setup
 .text.nrfx_clock_enable
                0x000000000000528c       0x1a modules/hal_nordic/nrfx/libmodules__hal_nordic__nrfx.a(nrfx_clock.c.obj)
                0x000000000000528c                nrfx_clock_enable
 .text.nrfx_clock_stop
                0x00000000000052a6        0x4 modules/hal_nordic/nrfx/libmodules__hal_nordic__nrfx.a(nrfx_clock.c.obj)
                0x00000000000052a6                nrfx_clock_stop
 .text.nrf_gpio_pin_port_decode
                0x00000000000052aa       0x14 modules/hal_nordic/nrfx/libmodules__hal_nordic__nrfx.a(nrfx_gpiote.c.obj)
 .text.nrf_gpio_reconfigure
                0x00000000000052be       0x92 modules/hal_nordic/nrfx/libmodules__hal_nordic__nrfx.a(nrfx_gpiote.c.obj)
 .text.nrf_gpio_cfg_sense_set
                0x0000000000005350       0x1e modules/hal_nordic/nrfx/libmodules__hal_nordic__nrfx.a(nrfx_gpiote.c.obj)
 .text.twi_transfer
                0x000000000000536e      0x130 modules/hal_nordic/nrfx/libmodules__hal_nordic__nrfx.a(nrfx_twi.c.obj)
 .text.nrf_gpio_pin_port_decode
                0x000000000000549e       0x14 modules/hal_nordic/nrfx/libmodules__hal_nordic__nrfx.a(nrfx_twi_twim.c.obj)
 .text.nrf_gpio_pin_set
                0x00000000000054b2       0x1a modules/hal_nordic/nrfx/libmodules__hal_nordic__nrfx.a(nrfx_twi_twim.c.obj)
 .text.SEGGER_RTT_Init
                0x00000000000054cc        0x4 modules/segger/libmodules__segger.a(SEGGER_RTT.c.obj)
                0x00000000000054cc                SEGGER_RTT_Init
 .text.rtt_init
                0x00000000000054d0        0xa modules/segger/libmodules__segger.a(SEGGER_RTT_zephyr.c.obj)
 .text.z_impl_k_busy_wait
                0x00000000000054da        0x8 zephyr/kernel/libkernel.a(busy_wait.c.obj)
                0x00000000000054da                z_impl_k_busy_wait
 .text.z_device_state_init
                0x00000000000054e2        0x2 zephyr/kernel/libkernel.a(device.c.obj)
                0x00000000000054e2                z_device_state_init
 .text.z_device_is_ready
                0x00000000000054e4       0x16 zephyr/kernel/libkernel.a(device.c.obj)
                0x00000000000054e4                z_device_is_ready
 .text.z_early_memset
                0x00000000000054fa        0x4 zephyr/kernel/libkernel.a(init.c.obj)
                0x00000000000054fa                z_early_memset
 .text.z_early_memcpy
                0x00000000000054fe        0x4 zephyr/kernel/libkernel.a(init.c.obj)
                0x00000000000054fe                z_early_memcpy
 .text.k_is_in_isr
                0x0000000000005502        0xc zephyr/kernel/libkernel.a(thread.c.obj)
                0x0000000000005502                k_is_in_isr
 .text.idle     0x000000000000550e       0x18 zephyr/kernel/libkernel.a(idle.c.obj)
                0x000000000000550e                idle
 .text.adjust_owner_prio.isra.0
                0x0000000000005526       0x10 zephyr/kernel/libkernel.a(mutex.c.obj)
 .text.z_impl_k_mutex_init
                0x0000000000005536        0xe zephyr/kernel/libkernel.a(mutex.c.obj)
                0x0000000000005536                z_impl_k_mutex_init
 .text.z_impl_k_sem_init
                0x0000000000005544       0x18 zephyr/kernel/libkernel.a(sem.c.obj)
                0x0000000000005544                z_impl_k_sem_init
 .text.sys_dlist_remove
                0x000000000000555c       0x10 zephyr/kernel/libkernel.a(sched.c.obj)
 .text.unpend_thread_no_timeout
                0x000000000000556c       0x14 zephyr/kernel/libkernel.a(sched.c.obj)
 .text.add_to_waitq_locked
                0x0000000000005580       0x50 zephyr/kernel/libkernel.a(sched.c.obj)
 .text.z_ready_thread
                0x00000000000055d0       0x20 zephyr/kernel/libkernel.a(sched.c.obj)
                0x00000000000055d0                z_ready_thread
 .text.z_sched_wake_thread
                0x00000000000055f0       0x44 zephyr/kernel/libkernel.a(sched.c.obj)
                0x00000000000055f0                z_sched_wake_thread
 .text.z_thread_timeout
                0x0000000000005634        0x8 zephyr/kernel/libkernel.a(sched.c.obj)
                0x0000000000005634                z_thread_timeout
 .text.z_unpend_first_thread
                0x000000000000563c       0x38 zephyr/kernel/libkernel.a(sched.c.obj)
                0x000000000000563c                z_unpend_first_thread
 .text.z_reschedule_irqlock
                0x0000000000005674       0x18 zephyr/kernel/libkernel.a(sched.c.obj)
                0x0000000000005674                z_reschedule_irqlock
 .text.z_reschedule_unlocked
                0x000000000000568c       0x14 zephyr/kernel/libkernel.a(sched.c.obj)
 .text.z_abort_timeout
                0x00000000000056a0       0x2c zephyr/kernel/libkernel.a(timeout.c.obj)
                0x00000000000056a0                z_abort_timeout
 .text.sys_clock_tick_get_32
                0x00000000000056cc        0x8 zephyr/kernel/libkernel.a(timeout.c.obj)
                0x00000000000056cc                sys_clock_tick_get_32
 .text._OffsetAbsSyms
                0x00000000000056d4        0x2 zephyr/CMakeFiles/offsets.dir/./arch/arm/core/offsets/offsets.c.obj
                0x00000000000056d4                _OffsetAbsSyms
 .text.strnlen  0x00000000000056d6       0x18 c:\ncs\toolchains\c57af46cb7\opt\zephyr-sdk\arm-zephyr-eabi\bin\../lib/gcc/../../picolibc/arm-zephyr-eabi/lib/thumb/v7e-m/nofp\libc.a(libc_string_strnlen.c.o)
                0x00000000000056d6                strnlen
 .text.__ultoa_invert
                0x00000000000056ee       0x38 c:\ncs\toolchains\c57af46cb7\opt\zephyr-sdk\arm-zephyr-eabi\bin\../lib/gcc/../../picolibc/arm-zephyr-eabi/lib/thumb/v7e-m/nofp\libc.a(libc_tinystdio_vfiprintf.c.o)
 .text.memcpy   0x0000000000005726       0x1c c:\ncs\toolchains\c57af46cb7\opt\zephyr-sdk\arm-zephyr-eabi\bin\../lib/gcc/../../picolibc/arm-zephyr-eabi/lib/thumb/v7e-m/nofp\libc.a(memcpy.c.o)
                0x0000000000005726                __aeabi_memcpy
                0x0000000000005726                __aeabi_memcpy4
                0x0000000000005726                __aeabi_memcpy8
                0x0000000000005726                memcpy
 .text.memset   0x0000000000005742       0x10 c:\ncs\toolchains\c57af46cb7\opt\zephyr-sdk\arm-zephyr-eabi\bin\../lib/gcc/../../picolibc/arm-zephyr-eabi/lib/thumb/v7e-m/nofp\libc.a(memset.c.o)
                0x0000000000005742                memset
 *(SORT_BY_ALIGNMENT(.TEXT.*))
 *fill*         0x0000000000005752        0x2 
 .TEXT.__aeabi_read_tp
                0x0000000000005754        0xc zephyr/arch/arch/arm/core/aarch32/cortex_m/libarch__arm__core__aarch32__cortex_m.a(__aeabi_read_tp.S.obj)
                0x0000000000005754                __aeabi_read_tp
 *(SORT_BY_ALIGNMENT(.gnu.linkonce.t.*))
 *(SORT_BY_ALIGNMENT(.glue_7t))
 .glue_7t       0x0000000000005760        0x0 linker stubs
 *(SORT_BY_ALIGNMENT(.glue_7))
 .glue_7        0x0000000000005760        0x0 linker stubs
 *(SORT_BY_ALIGNMENT(.vfp11_veneer))
 .vfp11_veneer  0x0000000000005760        0x0 linker stubs
 *(SORT_BY_ALIGNMENT(.v4_bx))
 .v4_bx         0x0000000000005760        0x0 linker stubs
                0x0000000000005760                . = ALIGN (0x4)
                0x0000000000005760                __text_region_end = .

.ARM.exidx      0x0000000000005760        0x8
                0x0000000000005760                __exidx_start = .
 *(SORT_BY_ALIGNMENT(.ARM.exidx*) SORT_BY_ALIGNMENT(gnu.linkonce.armexidx.*))
 .ARM.exidx     0x0000000000005760        0x8 c:/ncs/toolchains/c57af46cb7/opt/zephyr-sdk/arm-zephyr-eabi/bin/../lib/gcc/arm-zephyr-eabi/12.2.0/thumb/v7e-m/nofp\libgcc.a(_udivmoddi4.o)
                0x0000000000005768                __exidx_end = .
                0x0000000000005768                __rodata_region_start = .

initlevel       0x0000000000005768       0x58
                0x0000000000005768                __init_start = .
                0x0000000000005768                __init_EARLY_start = .
 *(SORT_BY_NAME(SORT_BY_ALIGNMENT(.z_init_EARLY?_*)))
 *(SORT_BY_NAME(SORT_BY_ALIGNMENT(.z_init_EARLY??_*)))
                0x0000000000005768                __init_PRE_KERNEL_1_start = .
 *(SORT_BY_NAME(SORT_BY_ALIGNMENT(.z_init_PRE_KERNEL_1?_*)))
 .z_init_PRE_KERNEL_10_0_
                0x0000000000005768        0x8 zephyr/soc/soc/arm/nordic_nrf/nrf52/libsoc__arm__nordic_nrf__nrf52.a(soc.c.obj)
 *(SORT_BY_NAME(SORT_BY_ALIGNMENT(.z_init_PRE_KERNEL_1??_*)))
 .z_init_PRE_KERNEL_130_00059_
                0x0000000000005770        0x8 zephyr/drivers/clock_control/libdrivers__clock_control.a(clock_control_nrf.c.obj)
 .z_init_PRE_KERNEL_130_0_
                0x0000000000005778        0x8 modules/segger/libmodules__segger.a(SEGGER_RTT_zephyr.c.obj)
 .z_init_PRE_KERNEL_140_00011_
                0x0000000000005780        0x8 zephyr/drivers/gpio/libdrivers__gpio.a(gpio_nrfx.c.obj)
 .z_init_PRE_KERNEL_155_00094_
                0x0000000000005788        0x8 zephyr/drivers/serial/libdrivers__serial.a(uart_nrfx_uarte.c.obj)
 .z_init_PRE_KERNEL_160_0_
                0x0000000000005790        0x8 zephyr/drivers/console/libdrivers__console.a(uart_console.c.obj)
                0x0000000000005798                __init_PRE_KERNEL_2_start = .
 *(SORT_BY_NAME(SORT_BY_ALIGNMENT(.z_init_PRE_KERNEL_2?_*)))
 .z_init_PRE_KERNEL_20_0_
                0x0000000000005798        0x8 zephyr/drivers/timer/libdrivers__timer.a(nrf_rtc_timer.c.obj)
 *(SORT_BY_NAME(SORT_BY_ALIGNMENT(.z_init_PRE_KERNEL_2??_*)))
                0x00000000000057a0                __init_POST_KERNEL_start = .
 *(SORT_BY_NAME(SORT_BY_ALIGNMENT(.z_init_POST_KERNEL?_*)))
 *(SORT_BY_NAME(SORT_BY_ALIGNMENT(.z_init_POST_KERNEL??_*)))
 .z_init_POST_KERNEL40_0_
                0x00000000000057a0        0x8 zephyr/lib/libc/common/liblib__libc__common.a(malloc.c.obj)
 .z_init_POST_KERNEL50_00104_
                0x00000000000057a8        0x8 zephyr/drivers/i2c/libdrivers__i2c.a(i2c_nrfx_twi.c.obj)
 .z_init_POST_KERNEL90_00088_
                0x00000000000057b0        0x8 zephyr/drivers/sensor/nrf5/libdrivers__sensor__nrf5.a(temp_nrf5.c.obj)
 .z_init_POST_KERNEL90_00105_
                0x00000000000057b8        0x8 zephyr/drivers/sensor/vcnl4040/libdrivers__sensor__vcnl4040.a(vcnl4040.c.obj)
                0x00000000000057c0                __init_APPLICATION_start = .
 *(SORT_BY_NAME(SORT_BY_ALIGNMENT(.z_init_APPLICATION?_*)))
 *(SORT_BY_NAME(SORT_BY_ALIGNMENT(.z_init_APPLICATION??_*)))
                0x00000000000057c0                __init_SMP_start = .
 *(SORT_BY_NAME(SORT_BY_ALIGNMENT(.z_init_SMP?_*)))
 *(SORT_BY_NAME(SORT_BY_ALIGNMENT(.z_init_SMP??_*)))
                0x00000000000057c0                __init_end = .

device_area     0x00000000000057c0       0x78
                0x00000000000057c0                _device_list_start = .
 *(SORT_BY_NAME(SORT_BY_ALIGNMENT(._device.static.*_?_*)))
 *(SORT_BY_NAME(SORT_BY_ALIGNMENT(._device.static.*_??_*)))
 ._device.static.1_30_
                0x00000000000057c0       0x14 zephyr/drivers/clock_control/libdrivers__clock_control.a(clock_control_nrf.c.obj)
                0x00000000000057c0                __device_dts_ord_59
 ._device.static.1_40_
                0x00000000000057d4       0x14 zephyr/drivers/gpio/libdrivers__gpio.a(gpio_nrfx.c.obj)
                0x00000000000057d4                __device_dts_ord_11
 ._device.static.1_55_
                0x00000000000057e8       0x14 zephyr/drivers/serial/libdrivers__serial.a(uart_nrfx_uarte.c.obj)
                0x00000000000057e8                __device_dts_ord_94
 ._device.static.3_50_
                0x00000000000057fc       0x14 zephyr/drivers/i2c/libdrivers__i2c.a(i2c_nrfx_twi.c.obj)
                0x00000000000057fc                __device_dts_ord_104
 ._device.static.3_90_
                0x0000000000005810       0x14 zephyr/drivers/sensor/nrf5/libdrivers__sensor__nrf5.a(temp_nrf5.c.obj)
                0x0000000000005810                __device_dts_ord_88
 ._device.static.3_90_
                0x0000000000005824       0x14 zephyr/drivers/sensor/vcnl4040/libdrivers__sensor__vcnl4040.a(vcnl4040.c.obj)
                0x0000000000005824                __device_dts_ord_105
                0x0000000000005838                _device_list_end = .

sw_isr_table    0x0000000000005838      0x138
                0x0000000000005838                . = ALIGN (0x4)
 *(SORT_BY_ALIGNMENT(.gnu.linkonce.sw_isr_table*))
 .gnu.linkonce.sw_isr_table
                0x0000000000005838      0x138 zephyr/CMakeFiles/zephyr_final.dir/isr_tables.c.obj
                0x0000000000005838                _sw_isr_table

initlevel_error
                0x0000000000005768        0x0
 *(SORT_BY_NAME(SORT_BY_ALIGNMENT(.z_init_[_A-Z0-9]*)))
                0x0000000000000001                ASSERT ((SIZEOF (initlevel_error) == 0x0), Undefined initialization levels used.)

app_shmem_regions
                0x0000000000005970        0x0
                0x0000000000005970                __app_shmem_regions_start = .
 *(SORT_BY_NAME(SORT_BY_ALIGNMENT(.app_regions.*)))
                0x0000000000005970                __app_shmem_regions_end = .

k_p4wq_initparam_area
                0x0000000000005970        0x0
                0x0000000000005970                _k_p4wq_initparam_list_start = .
 *(SORT_BY_NAME(SORT_BY_ALIGNMENT(._k_p4wq_initparam.static.*)))
                0x0000000000005970                _k_p4wq_initparam_list_end = .

_static_thread_data_area
                0x0000000000005970        0x0
                0x0000000000005970                __static_thread_data_list_start = .
 *(SORT_BY_NAME(SORT_BY_ALIGNMENT(.__static_thread_data.static.*)))
                0x0000000000005970                __static_thread_data_list_end = .

device_deps     0x0000000000005970        0x0
                0x0000000000005970                __device_deps_start = .
 *(SORT_BY_NAME(SORT_BY_ALIGNMENT(.__device_deps_pass2*)))
                0x0000000000005970                __device_deps_end = .

ztest           0x0000000000005970        0x0
                0x0000000000005970                _ztest_expected_result_entry_list_start = .
 *(SORT_BY_NAME(SORT_BY_ALIGNMENT(._ztest_expected_result_entry.static.*)))
                0x0000000000005970                _ztest_expected_result_entry_list_end = .
                0x0000000000005970                _ztest_suite_node_list_start = .
 *(SORT_BY_NAME(SORT_BY_ALIGNMENT(._ztest_suite_node.static.*)))
                0x0000000000005970                _ztest_suite_node_list_end = .
                0x0000000000005970                _ztest_unit_test_list_start = .
 *(SORT_BY_NAME(SORT_BY_ALIGNMENT(._ztest_unit_test.static.*)))
                0x0000000000005970                _ztest_unit_test_list_end = .
                0x0000000000005970                _ztest_test_rule_list_start = .
 *(SORT_BY_NAME(SORT_BY_ALIGNMENT(._ztest_test_rule.static.*)))
                0x0000000000005970                _ztest_test_rule_list_end = .

bt_l2cap_fixed_chan_area
                0x0000000000005970        0x0
                0x0000000000005970                _bt_l2cap_fixed_chan_list_start = .
 *(SORT_BY_NAME(SORT_BY_ALIGNMENT(._bt_l2cap_fixed_chan.static.*)))
                0x0000000000005970                _bt_l2cap_fixed_chan_list_end = .

bt_gatt_service_static_area
                0x0000000000005970        0x0
                0x0000000000005970                _bt_gatt_service_static_list_start = .
 *(SORT_BY_NAME(SORT_BY_ALIGNMENT(._bt_gatt_service_static.static.*)))
                0x0000000000005970                _bt_gatt_service_static_list_end = .

log_strings_area
                0x0000000000005970        0x0
                0x0000000000005970                _log_strings_list_start = .
 *(SORT_BY_NAME(SORT_BY_ALIGNMENT(._log_strings.static.*)))
                0x0000000000005970                _log_strings_list_end = .

log_const_area  0x0000000000005970       0x78
                0x0000000000005970                _log_const_list_start = .
 *(SORT_BY_NAME(SORT_BY_ALIGNMENT(._log_const.static.*)))
 ._log_const.static.log_const_NRFX_CLOCK_
                0x0000000000005970        0x8 modules/hal_nordic/nrfx/libmodules__hal_nordic__nrfx.a(nrfx_clock.c.obj)
                0x0000000000005970                log_const_NRFX_CLOCK
 ._log_const.static.log_const_NRFX_GPIOTE_
                0x0000000000005978        0x8 modules/hal_nordic/nrfx/libmodules__hal_nordic__nrfx.a(nrfx_gpiote.c.obj)
                0x0000000000005978                log_const_NRFX_GPIOTE
 ._log_const.static.log_const_NRFX_PPI_
                0x0000000000005980        0x8 modules/hal_nordic/nrfx/libmodules__hal_nordic__nrfx.a(nrfx_ppi.c.obj)
                0x0000000000005980                log_const_NRFX_PPI
 ._log_const.static.log_const_NRFX_TWI_
                0x0000000000005988        0x8 modules/hal_nordic/nrfx/libmodules__hal_nordic__nrfx.a(nrfx_twi.c.obj)
                0x0000000000005988                log_const_NRFX_TWI
 ._log_const.static.log_const_cbprintf_package_
                0x0000000000005990        0x8 zephyr/libzephyr.a(cbprintf_packaged.c.obj)
                0x0000000000005990                log_const_cbprintf_package
 ._log_const.static.log_const_clock_control_
                0x0000000000005998        0x8 zephyr/drivers/clock_control/libdrivers__clock_control.a(clock_control_nrf.c.obj)
                0x0000000000005998                log_const_clock_control
 ._log_const.static.log_const_fatal_error_
                0x00000000000059a0        0x8 modules/nrf/lib/fatal_error/lib..__nrf__lib__fatal_error.a(fatal_error.c.obj)
                0x00000000000059a0                log_const_fatal_error
 ._log_const.static.log_const_i2c_
                0x00000000000059a8        0x8 zephyr/drivers/i2c/libdrivers__i2c.a(i2c_common.c.obj)
                0x00000000000059a8                log_const_i2c
 ._log_const.static.log_const_i2c_nrfx_twi_
                0x00000000000059b0        0x8 zephyr/drivers/i2c/libdrivers__i2c.a(i2c_nrfx_twi.c.obj)
                0x00000000000059b0                log_const_i2c_nrfx_twi
 ._log_const.static.log_const_mpu_
                0x00000000000059b8        0x8 zephyr/arch/arch/arm/core/aarch32/mpu/libarch__arm__core__aarch32__mpu.a(arm_core_mpu.c.obj)
                0x00000000000059b8                log_const_mpu
 ._log_const.static.log_const_os_
                0x00000000000059c0        0x8 zephyr/kernel/libkernel.a(init.c.obj)
                0x00000000000059c0                log_const_os
 ._log_const.static.log_const_soc_
                0x00000000000059c8        0x8 zephyr/soc/soc/arm/nordic_nrf/nrf52/libsoc__arm__nordic_nrf__nrf52.a(soc.c.obj)
                0x00000000000059c8                log_const_soc
 ._log_const.static.log_const_temp_nrf5_
                0x00000000000059d0        0x8 zephyr/drivers/sensor/nrf5/libdrivers__sensor__nrf5.a(temp_nrf5.c.obj)
                0x00000000000059d0                log_const_temp_nrf5
 ._log_const.static.log_const_uart_nrfx_uarte_
                0x00000000000059d8        0x8 zephyr/drivers/serial/libdrivers__serial.a(uart_nrfx_uarte.c.obj)
                0x00000000000059d8                log_const_uart_nrfx_uarte
 ._log_const.static.log_const_vcnl4040_
                0x00000000000059e0        0x8 zephyr/drivers/sensor/vcnl4040/libdrivers__sensor__vcnl4040.a(vcnl4040.c.obj)
                0x00000000000059e0                log_const_vcnl4040
                0x00000000000059e8                _log_const_list_end = .

log_backend_area
                0x00000000000059e8        0x0
                0x00000000000059e8                _log_backend_list_start = .
 *(SORT_BY_NAME(SORT_BY_ALIGNMENT(._log_backend.static.*)))
                0x00000000000059e8                _log_backend_list_end = .

log_link_area   0x00000000000059e8        0x0
                0x00000000000059e8                _log_link_list_start = .
 *(SORT_BY_NAME(SORT_BY_ALIGNMENT(._log_link.static.*)))
                0x00000000000059e8                _log_link_list_end = .

tracing_backend_area
                0x00000000000059e8        0x0
                0x00000000000059e8                _tracing_backend_list_start = .
 *(SORT_BY_NAME(SORT_BY_ALIGNMENT(._tracing_backend.static.*)))
                0x00000000000059e8                _tracing_backend_list_end = .

zephyr_dbg_info
 *(SORT_BY_ALIGNMENT(.dbg_thread_info))

symbol_to_keep  0x00000000000059e8        0x0
                0x00000000000059e8                __symbol_to_keep_start = .
 *(SORT_BY_NAME(SORT_BY_ALIGNMENT(.symbol_to_keep*)))
                0x00000000000059e8                __symbol_to_keep_end = .

shell_area      0x00000000000059e8        0x0
                0x00000000000059e8                _shell_list_start = .
 *(SORT_BY_NAME(SORT_BY_ALIGNMENT(._shell.static.*)))
                0x00000000000059e8                _shell_list_end = .

shell_root_cmds_area
                0x00000000000059e8        0x0
                0x00000000000059e8                _shell_root_cmds_list_start = .
 *(SORT_BY_NAME(SORT_BY_ALIGNMENT(._shell_root_cmds.static.*)))
                0x00000000000059e8                _shell_root_cmds_list_end = .

shell_subcmds_area
                0x00000000000059e8        0x0
                0x00000000000059e8                _shell_subcmds_list_start = .
 *(SORT_BY_NAME(SORT_BY_ALIGNMENT(._shell_subcmds.static.*)))
                0x00000000000059e8                _shell_subcmds_list_end = .

shell_dynamic_subcmds_area
                0x00000000000059e8        0x0
                0x00000000000059e8                _shell_dynamic_subcmds_list_start = .
 *(SORT_BY_NAME(SORT_BY_ALIGNMENT(._shell_dynamic_subcmds.static.*)))
                0x00000000000059e8                _shell_dynamic_subcmds_list_end = .

cfb_font_area   0x00000000000059e8        0x0
                0x00000000000059e8                _cfb_font_list_start = .
 *(SORT_BY_NAME(SORT_BY_ALIGNMENT(._cfb_font.static.*)))
                0x00000000000059e8                _cfb_font_list_end = .

tdata           0x00000000000059e8        0x0
 *(SORT_BY_ALIGNMENT(.tdata) SORT_BY_ALIGNMENT(.tdata.*) SORT_BY_ALIGNMENT(.gnu.linkonce.td.*))

tbss            0x00000000000059e8        0x4
 *(SORT_BY_ALIGNMENT(.tbss) SORT_BY_ALIGNMENT(.tbss.*) SORT_BY_ALIGNMENT(.gnu.linkonce.tb.*) SORT_BY_ALIGNMENT(.tcommon))
 .tbss.z_tls_current
                0x00000000000059e8        0x4 zephyr/libzephyr.a(thread_entry.c.obj)
                0x00000000000059e8                z_tls_current
                0x00000000000059e8                PROVIDE (__tdata_start = LOADADDR (tdata))
                0x0000000000000000                PROVIDE (__tdata_size = SIZEOF (tdata))
                [!provide]                        PROVIDE (__tdata_end = (__tdata_start + __tdata_size))
                0x0000000000000001                PROVIDE (__tdata_align = ALIGNOF (tdata))
                [!provide]                        PROVIDE (__tbss_start = ADDR (tbss))
                0x0000000000000004                PROVIDE (__tbss_size = SIZEOF (tbss))
                [!provide]                        PROVIDE (__tbss_end = (__tbss_start + __tbss_size))
                0x0000000000000004                PROVIDE (__tbss_align = ALIGNOF (tbss))
                [!provide]                        PROVIDE (__tls_start = __tdata_start)
                [!provide]                        PROVIDE (__tls_end = __tbss_end)
                [!provide]                        PROVIDE (__tls_size = (__tbss_end - __tdata_start))

rodata          0x00000000000059f0      0x374
 *(SORT_BY_ALIGNMENT(.rodata))
 *(SORT_BY_ALIGNMENT(.rodata.*))
 .rodata.delay_machine_code.0
                0x00000000000059f0        0x6 zephyr/soc/soc/arm/nordic_nrf/nrf52/libsoc__arm__nordic_nrf__nrf52.a(soc.c.obj)
 *fill*         0x00000000000059f6        0x2 
 .rodata.static_regions
                0x00000000000059f8        0xc zephyr/arch/arch/arm/core/aarch32/mpu/libarch__arm__core__aarch32__mpu.a(arm_core_mpu.c.obj)
 .rodata.mpu_config
                0x0000000000005a04        0x8 zephyr/soc/soc/arm/common/cortex_m/libsoc__arm__common__cortex_m.a(arm_mpu_regions.c.obj)
                0x0000000000005a04                mpu_config
 .rodata.mpu_regions
                0x0000000000005a0c       0x18 zephyr/soc/soc/arm/common/cortex_m/libsoc__arm__common__cortex_m.a(arm_mpu_regions.c.obj)
 .rodata.transitions.0
                0x0000000000005a24        0xc zephyr/drivers/clock_control/libdrivers__clock_control.a(clock_control_nrf.c.obj)
 .rodata.config
                0x0000000000005a30       0x10 zephyr/drivers/clock_control/libdrivers__clock_control.a(clock_control_nrf.c.obj)
 .rodata.clock_control_api
                0x0000000000005a40       0x1c zephyr/drivers/clock_control/libdrivers__clock_control.a(clock_control_nrf.c.obj)
 .rodata.gpio_nrfx_p0_cfg
                0x0000000000005a5c       0x10 zephyr/drivers/gpio/libdrivers__gpio.a(gpio_nrfx.c.obj)
 .rodata.gpio_nrfx_drv_api_funcs
                0x0000000000005a6c       0x24 zephyr/drivers/gpio/libdrivers__gpio.a(gpio_nrfx.c.obj)
 .rodata.twi_0z_config
                0x0000000000005a90       0x1c zephyr/drivers/i2c/libdrivers__i2c.a(i2c_nrfx_twi.c.obj)
 .rodata.__pinctrl_dev_config__device_dts_ord_104
                0x0000000000005aac        0xc zephyr/drivers/i2c/libdrivers__i2c.a(i2c_nrfx_twi.c.obj)
 .rodata.__pinctrl_states__device_dts_ord_104
                0x0000000000005ab8        0x8 zephyr/drivers/i2c/libdrivers__i2c.a(i2c_nrfx_twi.c.obj)
 .rodata.__pinctrl_state_pins_0__device_dts_ord_104
                0x0000000000005ac0        0x8 zephyr/drivers/i2c/libdrivers__i2c.a(i2c_nrfx_twi.c.obj)
 .rodata.i2c_nrfx_twi_driver_api
                0x0000000000005ac8       0x18 zephyr/drivers/i2c/libdrivers__i2c.a(i2c_nrfx_twi.c.obj)
 .rodata.temp_nrf5_driver_api
                0x0000000000005ae0       0x1c zephyr/drivers/sensor/nrf5/libdrivers__sensor__nrf5.a(temp_nrf5.c.obj)
 .rodata.vcnl4040_config_0
                0x0000000000005afc       0x10 zephyr/drivers/sensor/vcnl4040/libdrivers__sensor__vcnl4040.a(vcnl4040.c.obj)
 .rodata.vcnl4040_driver_api
                0x0000000000005b0c       0x1c zephyr/drivers/sensor/vcnl4040/libdrivers__sensor__vcnl4040.a(vcnl4040.c.obj)
 .rodata.uarte_0z_config
                0x0000000000005b28       0x10 zephyr/drivers/serial/libdrivers__serial.a(uart_nrfx_uarte.c.obj)
 .rodata.__pinctrl_dev_config__device_dts_ord_94
                0x0000000000005b38        0xc zephyr/drivers/serial/libdrivers__serial.a(uart_nrfx_uarte.c.obj)
 .rodata.__pinctrl_states__device_dts_ord_94
                0x0000000000005b44        0x8 zephyr/drivers/serial/libdrivers__serial.a(uart_nrfx_uarte.c.obj)
 .rodata.__pinctrl_state_pins_0__device_dts_ord_94
                0x0000000000005b4c       0x10 zephyr/drivers/serial/libdrivers__serial.a(uart_nrfx_uarte.c.obj)
 .rodata.uart_nrfx_uarte_driver_api
                0x0000000000005b5c       0x14 zephyr/drivers/serial/libdrivers__serial.a(uart_nrfx_uarte.c.obj)
 .rodata._k_neg_eagain
                0x0000000000005b70        0x4 zephyr/kernel/libkernel.a(errno.c.obj)
                0x0000000000005b70                _k_neg_eagain
 .rodata.levels.0
                0x0000000000005b74       0x18 zephyr/kernel/libkernel.a(init.c.obj)
 .rodata.main.str1.1
                0x0000000000005b8c       0x78 app/libapp.a(main.c.obj)
 .rodata.str1.1
                0x0000000000005c04       0x11 zephyr/libzephyr.a(cbprintf_packaged.c.obj)
 .rodata.str1.1
                0x0000000000005c15        0x4 zephyr/arch/arch/arm/core/aarch32/mpu/libarch__arm__core__aarch32__mpu.a(arm_core_mpu.c.obj)
 .rodata.str1.1
                0x0000000000005c19        0xf zephyr/soc/soc/arm/common/cortex_m/libsoc__arm__common__cortex_m.a(arm_mpu_regions.c.obj)
 .rodata.str1.1
                0x0000000000005c28        0x4 zephyr/soc/soc/arm/nordic_nrf/nrf52/libsoc__arm__nordic_nrf__nrf52.a(soc.c.obj)
 .rodata.str1.1
                0x0000000000005c2c       0x1d zephyr/drivers/clock_control/libdrivers__clock_control.a(clock_control_nrf.c.obj)
 .rodata.str1.1
                0x0000000000005c49        0xe zephyr/drivers/gpio/libdrivers__gpio.a(gpio_nrfx.c.obj)
 .rodata.str1.1
                0x0000000000005c57        0x4 zephyr/drivers/i2c/libdrivers__i2c.a(i2c_common.c.obj)
 .rodata.str1.1
                0x0000000000005c5b       0x1a zephyr/drivers/i2c/libdrivers__i2c.a(i2c_nrfx_twi.c.obj)
 .rodata.str1.1
                0x0000000000005c75       0x18 zephyr/drivers/sensor/nrf5/libdrivers__sensor__nrf5.a(temp_nrf5.c.obj)
 .rodata.str1.1
                0x0000000000005c8d       0x15 zephyr/drivers/sensor/vcnl4040/libdrivers__sensor__vcnl4040.a(vcnl4040.c.obj)
 .rodata.str1.1
                0x0000000000005ca2       0x1e zephyr/drivers/serial/libdrivers__serial.a(uart_nrfx_uarte.c.obj)
 .rodata.str1.1
                0x0000000000005cc0        0xc modules/nrf/lib/fatal_error/lib..__nrf__lib__fatal_error.a(fatal_error.c.obj)
 .rodata.CSWTCH.20
                0x0000000000005ccc        0x5 modules/hal_nordic/nrfx/libmodules__hal_nordic__nrfx.a(system_nrf52.c.obj)
 .rodata.CSWTCH.18
                0x0000000000005cd1        0x5 modules/hal_nordic/nrfx/libmodules__hal_nordic__nrfx.a(system_nrf52.c.obj)
 .rodata.CSWTCH.14
                0x0000000000005cd6        0x5 modules/hal_nordic/nrfx/libmodules__hal_nordic__nrfx.a(system_nrf52.c.obj)
 .rodata.CSWTCH.4
                0x0000000000005cdb        0x5 modules/hal_nordic/nrfx/libmodules__hal_nordic__nrfx.a(system_nrf52.c.obj)
 .rodata.str1.1
                0x0000000000005ce0        0xb modules/hal_nordic/nrfx/libmodules__hal_nordic__nrfx.a(nrfx_clock.c.obj)
 .rodata.str1.1
                0x0000000000005ceb        0xc modules/hal_nordic/nrfx/libmodules__hal_nordic__nrfx.a(nrfx_gpiote.c.obj)
 .rodata.str1.1
                0x0000000000005cf7        0x9 modules/hal_nordic/nrfx/libmodules__hal_nordic__nrfx.a(nrfx_ppi.c.obj)
 .rodata.str1.1
                0x0000000000005d00        0x9 modules/hal_nordic/nrfx/libmodules__hal_nordic__nrfx.a(nrfx_twi.c.obj)
 .rodata._DoInit.str1.1
                0x0000000000005d09        0x9 modules/segger/libmodules__segger.a(SEGGER_RTT.c.obj)
 .rodata._aInitStr.0
                0x0000000000005d12       0x11 modules/segger/libmodules__segger.a(SEGGER_RTT.c.obj)
 .rodata.z_cstart.str1.1
                0x0000000000005d23        0x5 zephyr/kernel/libkernel.a(init.c.obj)
 .rodata.str1.1
                0x0000000000005d28        0x3 zephyr/kernel/libkernel.a(init.c.obj)
 .rodata.boot_banner.str1.1
                0x0000000000005d2b       0x28 zephyr/kernel/libkernel.a(banner.c.obj)
 .rodata.__i_vfprintf.str1.1
                0x0000000000005d53        0xf c:\ncs\toolchains\c57af46cb7\opt\zephyr-sdk\arm-zephyr-eabi\bin\../lib/gcc/../../picolibc/arm-zephyr-eabi/lib/thumb/v7e-m/nofp\libc.a(libc_tinystdio_vfiprintf.c.o)
 *(SORT_BY_ALIGNMENT(.gnu.linkonce.r.*))
                0x0000000000005d64                . = ALIGN (0x4)
 *fill*         0x0000000000005d62        0x2 
                0x0000000000005d64                __rodata_region_end = .
                0x0000000000005d80                . = ALIGN (_region_min_align)
                0x0000000000008000                . = ALIGN ((0x1 << LOG2CEIL ((__rodata_region_end - ADDR (rom_start)))))
                0x0000000000008000                __rom_region_end = ((__rom_region_start + .) - ADDR (rom_start))

/DISCARD/
 *(SORT_BY_ALIGNMENT(.got.plt))
 *(SORT_BY_ALIGNMENT(.igot.plt))
 *(SORT_BY_ALIGNMENT(.got))
 *(SORT_BY_ALIGNMENT(.igot))
                0x0000000020000000                . = 0x20000000
                0x0000000020000000                . = ALIGN (_region_min_align)
                0x0000000020000000                _image_ram_start = .

.ramfunc        0x0000000020000000        0x0 load address 0x0000000000005d64
                0x0000000020000000                . = ALIGN (_region_min_align)
                0x0000000020000000                . = ALIGN ((0x1 << LOG2CEIL (__ramfunc_size)))
                0x0000000020000000                __ramfunc_start = .
 *(SORT_BY_ALIGNMENT(.ramfunc))
 *(SORT_BY_ALIGNMENT(.ramfunc.*))
                0x0000000020000000                . = ALIGN (_region_min_align)
                0x0000000020000000                . = ALIGN ((0x1 << LOG2CEIL (__ramfunc_size)))
                0x0000000020000000                __ramfunc_end = .
                0x0000000000000000                __ramfunc_size = (__ramfunc_end - __ramfunc_start)
                0x0000000000005d64                __ramfunc_load_start = LOADADDR (.ramfunc)

datas           0x0000000020000000       0xc0 load address 0x0000000000005d64
                0x0000000020000000                __data_region_start = .
                0x0000000020000000                __data_start = .
 *(SORT_BY_ALIGNMENT(.data))
 *(SORT_BY_ALIGNMENT(.data.*))
 .data._char_out
                0x0000000020000000        0x4 zephyr/libzephyr.a(printk.c.obj)
                0x0000000020000000                _char_out
 .data.__stdout
                0x0000000020000004       0x10 zephyr/lib/libc/picolibc/liblib__libc__picolibc.a(libc-hooks.c.obj)
 .data.twi_0_data
                0x0000000020000014       0x28 zephyr/drivers/i2c/libdrivers__i2c.a(i2c_nrfx_twi.c.obj)
 .data.uarte_0_data
                0x000000002000003c       0x1c zephyr/drivers/serial/libdrivers__serial.a(uart_nrfx_uarte.c.obj)
 .data.m_cb     0x0000000020000058       0x5c modules/hal_nordic/nrfx/libmodules__hal_nordic__nrfx.a(nrfx_gpiote.c.obj)
 .data.m_channels_allocated
                0x00000000200000b4        0x4 modules/hal_nordic/nrfx/libmodules__hal_nordic__nrfx.a(nrfx_ppi.c.obj)
 .data.timeout_list
                0x00000000200000b8        0x8 zephyr/kernel/libkernel.a(timeout.c.obj)
 *(SORT_BY_ALIGNMENT(.kernel.*))
                0x00000000200000c0                __data_end = .
                0x00000000000000c0                __data_size = (__data_end - __data_start)
                0x0000000000005d64                __data_load_start = LOADADDR (datas)
                0x0000000000005d64                __data_region_load_start = LOADADDR (datas)

device_states   0x00000000200000c0        0xc load address 0x0000000000005e24
                0x00000000200000c0                __device_states_start = .
 *(SORT_BY_ALIGNMENT(.z_devstate))
 .z_devstate    0x00000000200000c0        0x2 zephyr/drivers/clock_control/libdrivers__clock_control.a(clock_control_nrf.c.obj)
 .z_devstate    0x00000000200000c2        0x2 zephyr/drivers/gpio/libdrivers__gpio.a(gpio_nrfx.c.obj)
 .z_devstate    0x00000000200000c4        0x2 zephyr/drivers/i2c/libdrivers__i2c.a(i2c_nrfx_twi.c.obj)
 .z_devstate    0x00000000200000c6        0x2 zephyr/drivers/sensor/nrf5/libdrivers__sensor__nrf5.a(temp_nrf5.c.obj)
 .z_devstate    0x00000000200000c8        0x2 zephyr/drivers/sensor/vcnl4040/libdrivers__sensor__vcnl4040.a(vcnl4040.c.obj)
 .z_devstate    0x00000000200000ca        0x2 zephyr/drivers/serial/libdrivers__serial.a(uart_nrfx_uarte.c.obj)
 *(SORT_BY_ALIGNMENT(.z_devstate.*))
                0x00000000200000cc                __device_states_end = .

log_mpsc_pbuf_area
                0x00000000200000cc        0x0 load address 0x0000000000005e30
                0x00000000200000cc                _log_mpsc_pbuf_list_start = .
 *(SORT_BY_NAME(SORT_BY_ALIGNMENT(._log_mpsc_pbuf.static.*)))
                0x00000000200000cc                _log_mpsc_pbuf_list_end = .

log_msg_ptr_area
                0x00000000200000cc        0x0 load address 0x0000000000005e30
                0x00000000200000cc                _log_msg_ptr_list_start = .
 *(SORT_BY_NAME(SORT_BY_ALIGNMENT(._log_msg_ptr.static.*)))
                0x00000000200000cc                _log_msg_ptr_list_end = .

log_dynamic_area
                0x00000000200000cc        0x0 load address 0x0000000000005e30
                0x00000000200000cc                _log_dynamic_list_start = .
 *(SORT_BY_NAME(SORT_BY_ALIGNMENT(._log_dynamic.static.*)))
                0x00000000200000cc                _log_dynamic_list_end = .

k_timer_area    0x00000000200000cc        0x0 load address 0x0000000000005e30
                0x00000000200000cc                _k_timer_list_start = .
 *(SORT_BY_NAME(SORT_BY_ALIGNMENT(._k_timer.static.*)))
                0x00000000200000cc                _k_timer_list_end = .

k_mem_slab_area
                0x00000000200000cc        0x0 load address 0x0000000000005e30
                0x00000000200000cc                _k_mem_slab_list_start = .
 *(SORT_BY_NAME(SORT_BY_ALIGNMENT(._k_mem_slab.static.*)))
                0x00000000200000cc                _k_mem_slab_list_end = .

k_heap_area     0x00000000200000cc        0x0 load address 0x0000000000005e30
                0x00000000200000cc                _k_heap_list_start = .
 *(SORT_BY_NAME(SORT_BY_ALIGNMENT(._k_heap.static.*)))
                0x00000000200000cc                _k_heap_list_end = .

k_mutex_area    0x00000000200000cc        0x0 load address 0x0000000000005e30
                0x00000000200000cc                _k_mutex_list_start = .
 *(SORT_BY_NAME(SORT_BY_ALIGNMENT(._k_mutex.static.*)))
                0x00000000200000cc                _k_mutex_list_end = .

k_stack_area    0x00000000200000cc        0x0 load address 0x0000000000005e30
                0x00000000200000cc                _k_stack_list_start = .
 *(SORT_BY_NAME(SORT_BY_ALIGNMENT(._k_stack.static.*)))
                0x00000000200000cc                _k_stack_list_end = .

k_msgq_area     0x00000000200000cc        0x0 load address 0x0000000000005e30
                0x00000000200000cc                _k_msgq_list_start = .
 *(SORT_BY_NAME(SORT_BY_ALIGNMENT(._k_msgq.static.*)))
                0x00000000200000cc                _k_msgq_list_end = .

k_mbox_area     0x00000000200000cc        0x0 load address 0x0000000000005e30
                0x00000000200000cc                _k_mbox_list_start = .
 *(SORT_BY_NAME(SORT_BY_ALIGNMENT(._k_mbox.static.*)))
                0x00000000200000cc                _k_mbox_list_end = .

k_pipe_area     0x00000000200000cc        0x0 load address 0x0000000000005e30
                0x00000000200000cc                _k_pipe_list_start = .
 *(SORT_BY_NAME(SORT_BY_ALIGNMENT(._k_pipe.static.*)))
                0x00000000200000cc                _k_pipe_list_end = .

k_sem_area      0x00000000200000cc        0x0 load address 0x0000000000005e30
                0x00000000200000cc                _k_sem_list_start = .
 *(SORT_BY_NAME(SORT_BY_ALIGNMENT(._k_sem.static.*)))
                0x00000000200000cc                _k_sem_list_end = .

k_event_area    0x00000000200000cc        0x0 load address 0x0000000000005e30
                0x00000000200000cc                _k_event_list_start = .
 *(SORT_BY_NAME(SORT_BY_ALIGNMENT(._k_event.static.*)))
                0x00000000200000cc                _k_event_list_end = .

k_queue_area    0x00000000200000cc        0x0 load address 0x0000000000005e30
                0x00000000200000cc                _k_queue_list_start = .
 *(SORT_BY_NAME(SORT_BY_ALIGNMENT(._k_queue.static.*)))
                0x00000000200000cc                _k_queue_list_end = .

k_condvar_area  0x00000000200000cc        0x0 load address 0x0000000000005e30
                0x00000000200000cc                _k_condvar_list_start = .
 *(SORT_BY_NAME(SORT_BY_ALIGNMENT(._k_condvar.static.*)))
                0x00000000200000cc                _k_condvar_list_end = .

net_buf_pool_area
                0x00000000200000cc        0x0 load address 0x0000000000005e30
                0x00000000200000cc                _net_buf_pool_list_start = .
 *(SORT_BY_NAME(SORT_BY_ALIGNMENT(._net_buf_pool.static.*)))
                0x00000000200000cc                _net_buf_pool_list_end = .
                0x00000000200000cc                __data_region_end = .

bss             0x00000000200000d0      0x75a
                0x00000000200000d0                . = ALIGN (0x4)
                0x00000000200000d0                __bss_start = .
                0x00000000200000d0                __kernel_ram_start = .
 *(SORT_BY_ALIGNMENT(.bss))
 *(SORT_BY_ALIGNMENT(.bss.*))
 .bss.cc_data   0x00000000200000d0       0x10 zephyr/drivers/timer/libdrivers__timer.a(nrf_rtc_timer.c.obj)
 .bss.last_count
                0x00000000200000e0        0x8 zephyr/drivers/timer/libdrivers__timer.a(nrf_rtc_timer.c.obj)
 .bss.anchor    0x00000000200000e8        0x8 zephyr/drivers/timer/libdrivers__timer.a(nrf_rtc_timer.c.obj)
 .bss.z_idle_threads
                0x00000000200000f0       0x80 zephyr/kernel/libkernel.a(init.c.obj)
                0x00000000200000f0                z_idle_threads
 .bss.z_main_thread
                0x0000000020000170       0x80 zephyr/kernel/libkernel.a(init.c.obj)
                0x0000000020000170                z_main_thread
 .bss.slice_timeouts
                0x00000000200001f0       0x18 zephyr/kernel/libkernel.a(sched.c.obj)
 .bss.curr_tick
                0x0000000020000208        0x8 zephyr/kernel/libkernel.a(timeout.c.obj)
 .bss.val       0x0000000020000210        0x8 app/libapp.a(main.c.obj)
                0x0000000020000210                val
 .bss.z_arm_tls_ptr
                0x0000000020000218        0x4 zephyr/arch/arch/arm/core/aarch32/libarch__arm__core__aarch32.a(tls.c.obj)
                0x0000000020000218                z_arm_tls_ptr
 .bss.dynamic_regions.0
                0x000000002000021c        0xc zephyr/arch/arch/arm/core/aarch32/mpu/libarch__arm__core__aarch32__mpu.a(arm_core_mpu.c.obj)
 .bss._stdout_hook
                0x0000000020000228        0x4 zephyr/lib/libc/picolibc/liblib__libc__picolibc.a(libc-hooks.c.obj)
 .bss.cli.2     0x000000002000022c       0x10 zephyr/drivers/clock_control/libdrivers__clock_control.a(clock_control_nrf.c.obj)
 .bss.on.3      0x000000002000023c        0x4 zephyr/drivers/clock_control/libdrivers__clock_control.a(clock_control_nrf.c.obj)
 .bss.data      0x0000000020000240       0x50 zephyr/drivers/clock_control/libdrivers__clock_control.a(clock_control_nrf.c.obj)
 .bss.hfclk_users
                0x0000000020000290        0x4 zephyr/drivers/clock_control/libdrivers__clock_control.a(clock_control_nrf.c.obj)
 .bss.gpio_nrfx_p0_data
                0x0000000020000294        0xc zephyr/drivers/gpio/libdrivers__gpio.a(gpio_nrfx.c.obj)
 .bss.temp_nrf5_data_0
                0x00000000200002a0       0x2c zephyr/drivers/sensor/nrf5/libdrivers__sensor__nrf5.a(temp_nrf5.c.obj)
 .bss.vcnl4040_data_0
                0x00000000200002cc       0x1c zephyr/drivers/sensor/vcnl4040/libdrivers__sensor__vcnl4040.a(vcnl4040.c.obj)
 .bss.force_isr_mask
                0x00000000200002e8        0x4 zephyr/drivers/timer/libdrivers__timer.a(nrf_rtc_timer.c.obj)
 .bss.int_mask  0x00000000200002ec        0x4 zephyr/drivers/timer/libdrivers__timer.a(nrf_rtc_timer.c.obj)
 .bss.overflow_cnt
                0x00000000200002f0        0x4 zephyr/drivers/timer/libdrivers__timer.a(nrf_rtc_timer.c.obj)
 .bss.m_clock_cb
                0x00000000200002f4        0x8 modules/hal_nordic/nrfx/libmodules__hal_nordic__nrfx.a(nrfx_clock.c.obj)
 .bss.m_cb      0x00000000200002fc       0x3c modules/hal_nordic/nrfx/libmodules__hal_nordic__nrfx.a(nrfx_twi.c.obj)
 .bss._SEGGER_RTT
                0x0000000020000338       0xa8 modules/segger/libmodules__segger.a(SEGGER_RTT.c.obj)
                0x0000000020000338                _SEGGER_RTT
 .bss._cpus_active
                0x00000000200003e0        0x4 zephyr/kernel/libkernel.a(init.c.obj)
                0x00000000200003e0                _cpus_active
 .bss._kernel   0x00000000200003e4       0x20 zephyr/kernel/libkernel.a(init.c.obj)
                0x00000000200003e4                _kernel
 .bss.pending_current
                0x0000000020000404        0x4 zephyr/kernel/libkernel.a(sched.c.obj)
 .bss.slice_max_prio
                0x0000000020000408        0x4 zephyr/kernel/libkernel.a(sched.c.obj)
 .bss.slice_ticks
                0x000000002000040c        0x4 zephyr/kernel/libkernel.a(sched.c.obj)
 .bss.announce_remaining
                0x0000000020000410        0x4 zephyr/kernel/libkernel.a(timeout.c.obj)
 .bss.static_regions_num
                0x0000000020000414        0x1 zephyr/arch/arch/arm/core/aarch32/mpu/libarch__arm__core__aarch32__mpu.a(arm_mpu.c.obj)
 .bss.once.1    0x0000000020000415        0x1 zephyr/drivers/clock_control/libdrivers__clock_control.a(clock_control_nrf.c.obj)
 .bss.uarte0_rx_data
                0x0000000020000416        0x1 zephyr/drivers/serial/libdrivers__serial.a(uart_nrfx_uarte.c.obj)
 .bss.uarte0_char_out
                0x0000000020000417        0x1 zephyr/drivers/serial/libdrivers__serial.a(uart_nrfx_uarte.c.obj)
 .bss._acDownBuffer
                0x0000000020000418       0x10 modules/segger/libmodules__segger.a(SEGGER_RTT.c.obj)
 .bss._acUpBuffer
                0x0000000020000428      0x400 modules/segger/libmodules__segger.a(SEGGER_RTT.c.obj)
 .bss.z_sys_post_kernel
                0x0000000020000828        0x1 zephyr/kernel/libkernel.a(init.c.obj)
                0x0000000020000828                z_sys_post_kernel
 .bss.lock      0x0000000020000829        0x0 zephyr/kernel/libkernel.a(mutex.c.obj)
 .bss.lock      0x0000000020000829        0x0 zephyr/kernel/libkernel.a(sem.c.obj)
 .bss.slice_expired
                0x0000000020000829        0x1 zephyr/kernel/libkernel.a(sched.c.obj)
 .bss.sched_spinlock
                0x000000002000082a        0x0 zephyr/kernel/libkernel.a(sched.c.obj)
                0x000000002000082a                sched_spinlock
 *(SORT_BY_ALIGNMENT(COMMON))
 *(SORT_BY_ALIGNMENT(.kernel_bss.*))
                0x000000002000082c                __bss_end = ALIGN (0x4)

noinit          0x0000000020000840      0xe0c
 *(SORT_BY_ALIGNMENT(.noinit))
 *(SORT_BY_ALIGNMENT(.noinit.*))
 .noinit."WEST_TOPDIR/zephyr/kernel/init.c".2
                0x0000000020000840      0x840 zephyr/kernel/libkernel.a(init.c.obj)
                0x0000000020000840                z_interrupt_stacks
 .noinit."WEST_TOPDIR/zephyr/kernel/init.c".1
                0x0000000020001080      0x180 zephyr/kernel/libkernel.a(init.c.obj)
 .noinit."WEST_TOPDIR/zephyr/kernel/init.c".0
                0x0000000020001200      0x440 zephyr/kernel/libkernel.a(init.c.obj)
                0x0000000020001200                z_main_stack
 .noinit."WEST_TOPDIR/zephyr/lib/libc/common/source/stdlib/malloc.c".0
                0x0000000020001640        0xc zephyr/lib/libc/common/liblib__libc__common.a(malloc.c.obj)
 *(SORT_BY_ALIGNMENT(.kernel_noinit.*))
                0x0000000020010000                __kernel_ram_end = 0x20010000
                0x000000000000ff30                __kernel_ram_size = (__kernel_ram_end - __kernel_ram_start)

/DISCARD/
 *(SORT_BY_ALIGNMENT(.irq_info*))
 *(SORT_BY_ALIGNMENT(.intList*))

.last_ram_section
                0x000000002000164c        0x0
                0x000000002000164c                _image_ram_end = .
                0x000000000000164c                _image_ram_size = (_image_ram_end - _image_ram_start)
                0x000000002000164c                _end = .
                0x000000002000164c                z_mapped_end = .

.stab
 *(SORT_BY_ALIGNMENT(.stab))

.stabstr
 *(SORT_BY_ALIGNMENT(.stabstr))

.stab.excl
 *(SORT_BY_ALIGNMENT(.stab.excl))

.stab.exclstr
 *(SORT_BY_ALIGNMENT(.stab.exclstr))

.stab.index
 *(SORT_BY_ALIGNMENT(.stab.index))

.stab.indexstr
 *(SORT_BY_ALIGNMENT(.stab.indexstr))

.gnu.build.attributes
 *(SORT_BY_ALIGNMENT(.gnu.build.attributes) SORT_BY_ALIGNMENT(.gnu.build.attributes.*))

.comment        0x0000000000000000       0x20
 *(SORT_BY_ALIGNMENT(.comment))
 .comment       0x0000000000000000       0x20 zephyr/CMakeFiles/zephyr_final.dir/isr_tables.c.obj
                                         0x21 (size before relaxing)
 .comment       0x0000000000000020       0x21 app/libapp.a(main.c.obj)
 .comment       0x0000000000000020       0x21 zephyr/libzephyr.a(cbprintf_packaged.c.obj)
 .comment       0x0000000000000020       0x21 zephyr/libzephyr.a(printk.c.obj)
 .comment       0x0000000000000020       0x21 zephyr/libzephyr.a(thread_entry.c.obj)
 .comment       0x0000000000000020       0x21 zephyr/libzephyr.a(heap.c.obj)
 .comment       0x0000000000000020       0x21 zephyr/libzephyr.a(onoff.c.obj)
 .comment       0x0000000000000020       0x21 zephyr/libzephyr.a(notify.c.obj)
 .comment       0x0000000000000020       0x21 zephyr/libzephyr.a(configs.c.obj)